Component: Arm Compiler for Embedded 6.18 Tool: armlink [5e4cc100]

==============================================================================

Section Cross References

    startup_stm32f407xx.o(STACK) refers (Special) to heapauxi.o(.text) for __use_two_region_memory
    startup_stm32f407xx.o(HEAP) refers (Special) to heapauxi.o(.text) for __use_two_region_memory
    startup_stm32f407xx.o(RESET) refers (Special) to heapauxi.o(.text) for __use_two_region_memory
    startup_stm32f407xx.o(RESET) refers to startup_stm32f407xx.o(STACK) for __initial_sp
    startup_stm32f407xx.o(RESET) refers to startup_stm32f407xx.o(.text) for Reset_Handler
    startup_stm32f407xx.o(RESET) refers to stm32f4xx_it.o(.text.NMI_Handler) for NMI_Handler
    startup_stm32f407xx.o(RESET) refers to stm32f4xx_it.o(.text.HardFault_Handler) for HardFault_Handler
    startup_stm32f407xx.o(RESET) refers to stm32f4xx_it.o(.text.MemManage_Handler) for MemManage_Handler
    startup_stm32f407xx.o(RESET) refers to stm32f4xx_it.o(.text.BusFault_Handler) for BusFault_Handler
    startup_stm32f407xx.o(RESET) refers to stm32f4xx_it.o(.text.UsageFault_Handler) for UsageFault_Handler
    startup_stm32f407xx.o(RESET) refers to stm32f4xx_it.o(.text.SVC_Handler) for SVC_Handler
    startup_stm32f407xx.o(RESET) refers to stm32f4xx_it.o(.text.DebugMon_Handler) for DebugMon_Handler
    startup_stm32f407xx.o(RESET) refers to stm32f4xx_it.o(.text.PendSV_Handler) for PendSV_Handler
    startup_stm32f407xx.o(RESET) refers to stm32f4xx_it.o(.text.SysTick_Handler) for SysTick_Handler
    startup_stm32f407xx.o(RESET) refers to stm32f4xx_it.o(.text.DMA1_Stream1_IRQHandler) for DMA1_Stream1_IRQHandler
    startup_stm32f407xx.o(RESET) refers to stm32f4xx_it.o(.text.DMA1_Stream3_IRQHandler) for DMA1_Stream3_IRQHandler
    startup_stm32f407xx.o(RESET) refers to stm32f4xx_it.o(.text.CAN1_RX0_IRQHandler) for CAN1_RX0_IRQHandler
    startup_stm32f407xx.o(RESET) refers to stm32f4xx_it.o(.text.CAN1_RX1_IRQHandler) for CAN1_RX1_IRQHandler
    startup_stm32f407xx.o(RESET) refers to stm32f4xx_it.o(.text.USART1_IRQHandler) for USART1_IRQHandler
    startup_stm32f407xx.o(RESET) refers to stm32f4xx_it.o(.text.USART3_IRQHandler) for USART3_IRQHandler
    startup_stm32f407xx.o(RESET) refers to stm32f4xx_it.o(.text.TIM7_IRQHandler) for TIM7_IRQHandler
    startup_stm32f407xx.o(RESET) refers to stm32f4xx_it.o(.text.DMA2_Stream1_IRQHandler) for DMA2_Stream1_IRQHandler
    startup_stm32f407xx.o(RESET) refers to stm32f4xx_it.o(.text.DMA2_Stream2_IRQHandler) for DMA2_Stream2_IRQHandler
    startup_stm32f407xx.o(RESET) refers to stm32f4xx_it.o(.text.CAN2_RX0_IRQHandler) for CAN2_RX0_IRQHandler
    startup_stm32f407xx.o(RESET) refers to stm32f4xx_it.o(.text.CAN2_RX1_IRQHandler) for CAN2_RX1_IRQHandler
    startup_stm32f407xx.o(RESET) refers to stm32f4xx_it.o(.text.DMA2_Stream6_IRQHandler) for DMA2_Stream6_IRQHandler
    startup_stm32f407xx.o(RESET) refers to stm32f4xx_it.o(.text.DMA2_Stream7_IRQHandler) for DMA2_Stream7_IRQHandler
    startup_stm32f407xx.o(RESET) refers to stm32f4xx_it.o(.text.USART6_IRQHandler) for USART6_IRQHandler
    startup_stm32f407xx.o(.text) refers (Special) to heapauxi.o(.text) for __use_two_region_memory
    startup_stm32f407xx.o(.text) refers to system_stm32f4xx.o(.text.SystemInit) for SystemInit
    startup_stm32f407xx.o(.text) refers to __main.o(!!!main) for __main
    startup_stm32f407xx.o(.text) refers to startup_stm32f407xx.o(HEAP) for Heap_Mem
    startup_stm32f407xx.o(.text) refers to startup_stm32f407xx.o(STACK) for Stack_Mem
    main.o(.text.main) refers to stm32f4xx_hal.o(.text.HAL_Init) for HAL_Init
    main.o(.text.main) refers to main.o(.text.SystemClock_Config) for SystemClock_Config
    main.o(.text.main) refers to gpio.o(.text.MX_GPIO_Init) for MX_GPIO_Init
    main.o(.text.main) refers to dma.o(.text.MX_DMA_Init) for MX_DMA_Init
    main.o(.text.main) refers to can.o(.text.MX_CAN1_Init) for MX_CAN1_Init
    main.o(.text.main) refers to can.o(.text.MX_CAN2_Init) for MX_CAN2_Init
    main.o(.text.main) refers to usart.o(.text.MX_USART1_UART_Init) for MX_USART1_UART_Init
    main.o(.text.main) refers to usart.o(.text.MX_USART3_UART_Init) for MX_USART3_UART_Init
    main.o(.text.main) refers to usart.o(.text.MX_USART6_UART_Init) for MX_USART6_UART_Init
    main.o(.text.main) refers to tim.o(.text.MX_TIM7_Init) for MX_TIM7_Init
    main.o(.text.main) refers to tim.o(.text.MX_TIM4_Init) for MX_TIM4_Init
    main.o(.text.main) refers to tim.o(.text.MX_TIM5_Init) for MX_TIM5_Init
    main.o(.text.main) refers to callback.o(.text.Init) for Init
    main.o(.text.main) refers to callback.o(.text.in_while) for in_while
    main.o(.ARM.exidx.text.main) refers to main.o(.text.main) for [Anonymous Symbol]
    main.o(.text.SystemClock_Config) refers to rt_memclr_w.o(.text) for __aeabi_memclr4
    main.o(.text.SystemClock_Config) refers to stm32f4xx_hal_rcc.o(.text.HAL_RCC_OscConfig) for HAL_RCC_OscConfig
[...]
    __scatterload_null                       0x0800019f   Thumb Code     0  __scatter.o(!!!scatter)
    __scatterload_copy                       0x080001c5   Thumb Code    26  __scatter_copy.o(!!handler_copy)
    __scatterload_zeroinit                   0x080001e1   Thumb Code    28  __scatter_zi.o(!!handler_zi)
    __rt_lib_init                            0x080001fd   Thumb Code     0  libinit.o(.ARM.Collect$$libinit$$00000000)
    __rt_lib_init_fp_1                       0x080001ff   Thumb Code     0  libinit2.o(.ARM.Collect$$libinit$$00000001)
    __rt_lib_init_alloca_1                   0x08000203   Thumb Code     0  libinit2.o(.ARM.Collect$$libinit$$00000030)
    __rt_lib_init_argv_1                     0x08000203   Thumb Code     0  libinit2.o(.ARM.Collect$$libinit$$0000002E)
    __rt_lib_init_atexit_1                   0x08000203   Thumb Code     0  libinit2.o(.ARM.Collect$$libinit$$0000001D)
    __rt_lib_init_clock_1                    0x08000203   Thumb Code     0  libinit2.o(.ARM.Collect$$libinit$$00000023)
    __rt_lib_init_cpp_2                      0x08000203   Thumb Code     0  libinit2.o(.ARM.Collect$$libinit$$00000033)
    __rt_lib_init_exceptions_1               0x08000203   Thumb Code     0  libinit2.o(.ARM.Collect$$libinit$$00000032)
    __rt_lib_init_fp_trap_1                  0x08000203   Thumb Code     0  libinit2.o(.ARM.Collect$$libinit$$00000021)
    __rt_lib_init_getenv_1                   0x08000203   Thumb Code     0  libinit2.o(.ARM.Collect$$libinit$$00000025)
    __rt_lib_init_heap_1                     0x08000203   Thumb Code     0  libinit2.o(.ARM.Collect$$libinit$$0000000C)
    __rt_lib_init_lc_collate_1               0x08000203   Thumb Code     0  libinit2.o(.ARM.Collect$$libinit$$00000013)
    __rt_lib_init_lc_ctype_1                 0x08000203   Thumb Code     0  libinit2.o(.ARM.Collect$$libinit$$00000015)
    __rt_lib_init_lc_monetary_1              0x08000203   Thumb Code     0  libinit2.o(.ARM.Collect$$libinit$$00000017)
    __rt_lib_init_lc_numeric_1               0x08000203   Thumb Code     0  libinit2.o(.ARM.Collect$$libinit$$00000019)
    __rt_lib_init_lc_time_1                  0x08000203   Thumb Code     0  libinit2.o(.ARM.Collect$$libinit$$0000001B)
    __rt_lib_init_preinit_1                  0x08000203   Thumb Code     0  libinit2.o(.ARM.Collect$$libinit$$00000006)
    __rt_lib_init_rand_1                     0x08000203   Thumb Code     0  libinit2.o(.ARM.Collect$$libinit$$00000010)
    __rt_lib_init_relocate_pie_1             0x08000203   Thumb Code     0  libinit2.o(.ARM.Collect$$libinit$$00000004)
    __rt_lib_init_signal_1                   0x08000203   Thumb Code     0  libinit2.o(.ARM.Collect$$libinit$$0000001F)
    __rt_lib_init_stdio_1                    0x08000203   Thumb Code     0  libinit2.o(.ARM.Collect$$libinit$$00000027)
    __rt_lib_init_user_alloc_1               0x08000203   Thumb Code     0  libinit2.o(.ARM.Collect$$libinit$$0000000E)
    __rt_lib_init_cpp_1                      0x08000207   Thumb Code     0  libinit2.o(.ARM.Collect$$libinit$$00000034)
    __rt_lib_init_return                     0x08000207   Thumb Code     0  libinit2.o(.ARM.Collect$$libinit$$00000035)
    __rt_lib_shutdown                        0x08000209   Thumb Code     0  libshutdown.o(.ARM.Collect$$libshutdown$$00000000)
    __rt_lib_shutdown_cpp_1                  0x0800020b   Thumb Code     0  libshutdown2.o(.ARM.Collect$$libshutdown$$00000002)
    __rt_lib_shutdown_fp_trap_1              0x0800020b   Thumb Code     0  libshutdown2.o(.ARM.Collect$$libshutdown$$00000007)
    __rt_lib_shutdown_heap_1                 0x0800020b   Thumb Code     0  libshutdown2.o(.ARM.Collect$$libshutdown$$0000000F)
    __rt_lib_shutdown_return                 0x0800020b   Thumb Code     0  libshutdown2.o(.ARM.Collect$$libshutdown$$00000010)
    __rt_lib_shutdown_signal_1               0x0800020b   Thumb Code     0  libshutdown2.o(.ARM.Collect$$libshutdown$$0000000A)
    __rt_lib_shutdown_stdio_1                0x0800020b   Thumb Code     0  libshutdown2.o(.ARM.Collect$$libshutdown$$00000004)
    __rt_lib_shutdown_user_alloc_1           0x0800020b   Thumb Code     0  libshutdown2.o(.ARM.Collect$$libshutdown$$0000000C)
    __rt_entry                               0x0800020d   Thumb Code     0  __rtentry.o(.ARM.Collect$$rtentry$$00000000)
    __rt_entry_presh_1                       0x0800020d   Thumb Code     0  __rtentry2.o(.ARM.Collect$$rtentry$$00000002)
    __rt_entry_sh                            0x0800020d   Thumb Code     0  __rtentry4.o(.ARM.Collect$$rtentry$$00000004)
    __rt_entry_li                            0x08000213   Thumb Code     0  __rtentry2.o(.ARM.Collect$$rtentry$$0000000A)
    __rt_entry_postsh_1                      0x08000213   Thumb Code     0  __rtentry2.o(.ARM.Collect$$rtentry$$00000009)
    __rt_entry_main                          0x08000217   Thumb Code     0  __rtentry2.o(.ARM.Collect$$rtentry$$0000000D)
    __rt_entry_postli_1                      0x08000217   Thumb Code     0  __rtentry2.o(.ARM.Collect$$rtentry$$0000000C)
    __rt_exit                                0x0800021f   Thumb Code     0  rtexit.o(.ARM.Collect$$rtexit$$00000000)
    __rt_exit_ls                             0x08000221   Thumb Code     0  rtexit2.o(.ARM.Collect$$rtexit$$00000003)
    __rt_exit_prels_1                        0x08000221   Thumb Code     0  rtexit2.o(.ARM.Collect$$rtexit$$00000002)
    __rt_exit_exit                           0x08000225   Thumb Code     0  rtexit2.o(.ARM.Collect$$rtexit$$00000004)
    Reset_Handler                            0x0800022d   Thumb Code     8  startup_stm32f407xx.o(.text)
    ADC_IRQHandler                           0x08000247   Thumb Code     0  startup_stm32f407xx.o(.text)
    CAN1_SCE_IRQHandler                      0x08000247   Thumb Code     0  startup_stm32f407xx.o(.text)
    CAN1_TX_IRQHandler                       0x08000247   Thumb Code     0  startup_stm32f407xx.o(.text)
    CAN2_SCE_IRQHandler                      0x08000247   Thumb Code     0  startup_stm32f407xx.o(.text)
    CAN2_TX_IRQHandler                       0x08000247   Thumb Code     0  startup_stm32f407xx.o(.text)
    DCMI_IRQHandler                          0x08000247   Thumb Code     0  startup_stm32f407xx.o(.text)
    DMA1_Stream0_IRQHandler                  0x08000247   Thumb Code     0  startup_stm32f407xx.o(.text)
    DMA1_Stream2_IRQHandler                  0x08000247   Thumb Code     0  startup_stm32f407xx.o(.text)
    DMA1_Stream4_IRQHandler                  0x08000247   Thumb Code     0  startup_stm32f407xx.o(.text)
    DMA1_Stream5_IRQHandler                  0x08000247   Thumb Code     0  startup_stm32f407xx.o(.text)
    DMA1_Stream6_IRQHandler                  0x08000247   Thumb Code     0  startup_stm32f407xx.o(.text)
    DMA1_Stream7_IRQHandler                  0x08000247   Thumb Code     0  startup_stm32f407xx.o(.text)
    DMA2_Stream0_IRQHandler                  0x08000247   Thumb Code     0  startup_stm32f407xx.o(.text)
    DMA2_Stream3_IRQHandler                  0x08000247   Thumb Code     0  startup_stm32f407xx.o(.text)
    DMA2_Stream4_IRQHandler                  0x08000247   Thumb Code     0  startup_stm32f407xx.o(.text)
    DMA2_Stream5_IRQHandler                  0x08000247   Thumb Code     0  startup_stm32f407xx.o(.text)
    ETH_IRQHandler                           0x08000247   Thumb Code     0  startup_stm32f407xx.o(.text)
    ETH_WKUP_IRQHandler                      0x08000247   Thumb Code     0  startup_stm32f407xx.o(.text)
    EXTI0_IRQHandler                         0x08000247   Thumb Code     0  startup_stm32f407xx.o(.text)
    EXTI15_10_IRQHandler                     0x08000247   Thumb Code     0  startup_stm32f407xx.o(.text)
    EXTI1_IRQHandler                         0x08000247   Thumb Code     0  startup_stm32f407xx.o(.text)
    EXTI2_IRQHandler                         0x08000247   Thumb Code     0  startup_stm32f407xx.o(.text)
    EXTI3_IRQHandler                         0x08000247   Thumb Code     0  startup_stm32f407xx.o(.text)
    EXTI4_IRQHandler                         0x08000247   Thumb Code     0  startup_stm32f407xx.o(.text)
    EXTI9_5_IRQHandler                       0x08000247   Thumb Code     0  startup_stm32f407xx.o(.text)
    FLASH_IRQHandler                         0x08000247   Thumb Code     0  startup_stm32f407xx.o(.text)
    FMC_IRQHandler                           0x08000247   Thumb Code     0  startup_stm32f407xx.o(.text)
    FPU_IRQHandler                           0x08000247   Thumb Code     0  startup_stm32f407xx.o(.text)
    HASH_RNG_IRQHandler                      0x08000247   Thumb Code     0  startup_stm32f407xx.o(.text)
    I2C1_ER_IRQHandler                       0x08000247   Thumb Code     0  startup_stm32f407xx.o(.text)
    I2C1_EV_IRQHandler                       0x08000247   Thumb Code     0  startup_stm32f407xx.o(.text)
    I2C2_ER_IRQHandler                       0x08000247   Thumb Code     0  startup_stm32f407xx.o(.text)
    I2C2_EV_IRQHandler                       0x08000247   Thumb Code     0  startup_stm32f407xx.o(.text)
    I2C3_ER_IRQHandler                       0x08000247   Thumb Code     0  startup_stm32f407xx.o(.text)
    I2C3_EV_IRQHandler                       0x08000247   Thumb Code     0  startup_stm32f407xx.o(.text)
    OTG_FS_IRQHandler                        0x08000247   Thumb Code     0  startup_stm32f407xx.o(.text)
    OTG_FS_WKUP_IRQHandler                   0x08000247   Thumb Code     0  startup_stm32f407xx.o(.text)
    OTG_HS_EP1_IN_IRQHandler                 0x08000247   Thumb Code     0  startup_stm32f407xx.o(.text)
    OTG_HS_EP1_OUT_IRQHandler                0x08000247   Thumb Code     0  startup_stm32f407xx.o(.text)
    OTG_HS_IRQHandler                        0x08000247   Thumb Code     0  startup_stm32f407xx.o(.text)
    OTG_HS_WKUP_IRQHandler                   0x08000247   Thumb Code     0  startup_stm32f407xx.o(.text)
    PVD_IRQHandler                           0x08000247   Thumb Code     0  startup_stm32f407xx.o(.text)
    RCC_IRQHandler                           0x08000247   Thumb Code     0  startup_stm32f407xx.o(.text)
    RTC_Alarm_IRQHandler                     0x08000247   Thumb Code     0  startup_stm32f407xx.o(.text)
    RTC_WKUP_IRQHandler                      0x08000247   Thumb Code     0  startup_stm32f407xx.o(.text)
    SDIO_IRQHandler                          0x08000247   Thumb Code     0  startup_stm32f407xx.o(.text)
    SPI1_IRQHandler                          0x08000247   Thumb Code     0  startup_stm32f407xx.o(.text)
    SPI2_IRQHandler                          0x08000247   Thumb Code     0  startup_stm32f407xx.o(.text)
    SPI3_IRQHandler                          0x08000247   Thumb Code     0  startup_stm32f407xx.o(.text)
    TAMP_STAMP_IRQHandler                    0x08000247   Thumb Code     0  startup_stm32f407xx.o(.text)
    TIM1_BRK_TIM9_IRQHandler                 0x08000247   Thumb Code     0  startup_stm32f407xx.o(.text)
    TIM1_CC_IRQHandler                       0x08000247   Thumb Code     0  startup_stm32f407xx.o(.text)
    TIM1_TRG_COM_TIM11_IRQHandler            0x08000247   Thumb Code     0  startup_stm32f407xx.o(.text)
    TIM1_UP_TIM10_IRQHandler                 0x08000247   Thumb Code     0  startup_stm32f407xx.o(.text)
    TIM2_IRQHandler                          0x08000247   Thumb Code     0  startup_stm32f407xx.o(.text)
    TIM3_IRQHandler                          0x08000247   Thumb Code     0  startup_stm32f407xx.o(.text)
    TIM4_IRQHandler                          0x08000247   Thumb Code     0  startup_stm32f407xx.o(.text)
    TIM5_IRQHandler                          0x08000247   Thumb Code     0  startup_stm32f407xx.o(.text)
    TIM6_DAC_IRQHandler                      0x08000247   Thumb Code     0  startup_stm32f407xx.o(.text)
    TIM8_BRK_TIM12_IRQHandler                0x08000247   Thumb Code     0  startup_stm32f407xx.o(.text)
    TIM8_CC_IRQHandler                       0x08000247   Thumb Code     0  startup_stm32f407xx.o(.text)
    TIM8_TRG_COM_TIM14_IRQHandler            0x08000247   Thumb Code     0  startup_stm32f407xx.o(.text)
    TIM8_UP_TIM13_IRQHandler                 0x08000247   Thumb Code     0  startup_stm32f407xx.o(.text)
    UART4_IRQHandler                         0x08000247   Thumb Code     0  startup_stm32f407xx.o(.text)
    UART5_IRQHandler                         0x08000247   Thumb Code     0  startup_stm32f407xx.o(.text)
    USART2_IRQHandler                        0x08000247   Thumb Code     0  startup_stm32f407xx.o(.text)
    WWDG_IRQHandler                          0x08000247   Thumb Code     0  startup_stm32f407xx.o(.text)
    __user_initial_stackheap                 0x08000249   Thumb Code     0  startup_stm32f407xx.o(.text)
    __aeabi_uldivmod                         0x0800026d   Thumb Code     0  lludivv7m.o(.text)
    _ll_udiv                                 0x0800026d   Thumb Code   240  lludivv7m.o(.text)
    __aeabi_memcpy4                          0x0800035d   Thumb Code     0  rt_memcpy_w.o(.text)
    __aeabi_memcpy8                          0x0800035d   Thumb Code     0  rt_memcpy_w.o(.text)
    __rt_memcpy_w                            0x0800035d   Thumb Code   100  rt_memcpy_w.o(.text)
    _memcpy_lastbytes_aligned                0x080003a5   Thumb Code     0  rt_memcpy_w.o(.text)
    __aeabi_memclr4                          0x080003c1   Thumb Code     0  rt_memclr_w.o(.text)
    __aeabi_memclr8                          0x080003c1   Thumb Code     0  rt_memclr_w.o(.text)
    __rt_memclr_w                            0x080003c1   Thumb Code     0  rt_memclr_w.o(.text)
    _memset_w                                0x080003c5   Thumb Code    74  rt_memclr_w.o(.text)
    __use_two_region_memory                  0x0800040f   Thumb Code     2  heapauxi.o(.text)
    __rt_heap_escrow$2region                 0x08000411   Thumb Code     2  heapauxi.o(.text)
    __rt_heap_expand$2region                 0x08000413   Thumb Code     2  heapauxi.o(.text)
    __cpp_initialize__aeabi_                 0x08000415   Thumb Code    28  init_aeabi.o(.text)
    abort                                    0x08000439   Thumb Code    22  abort.o(.text)
    _sys_exit                                0x08000451   Thumb Code     8  sys_exit.o(.text)
    __user_setup_stackheap                   0x0800045d   Thumb Code    74  sys_stackheap_outer.o(.text)
    exit                                     0x080004a7   Thumb Code    18  exit.o(.text)
    __rt_SIGABRT                             0x080004b9   Thumb Code    14  defsig_abrt_outer.o(.text)
    __user_libspace                          0x080004c9   Thumb Code     8  libspace.o(.text)
    __user_perproc_libspace                  0x080004c9   Thumb Code     0  libspace.o(.text)
    __user_perthread_libspace                0x080004c9   Thumb Code     0  libspace.o(.text)
    __I$use$semihosting                      0x080004d1   Thumb Code     0  use_no_semi.o(.text)
    __use_no_semihosting_swi                 0x080004d1   Thumb Code     2  use_no_semi.o(.text)
    __semihosting_library_function           0x080004d3   Thumb Code     0  indicate_semi.o(.text)
    __sig_exit                               0x080004d3   Thumb Code    10  defsig_exit.o(.text)
    __rt_SIGABRT_inner                       0x080004dd   Thumb Code    14  defsig_abrt_inner.o(.text)
    __default_signal_display                 0x0800050d   Thumb Code    50  defsig_general.o(.text)
    _ttywrch                                 0x0800053f   Thumb Code    14  sys_wrch.o(.text)
    BusFault_Handler                         0x0800054d   Thumb Code     4  stm32f4xx_it.o(.text.BusFault_Handler)
    CAN1_RX0_IRQHandler                      0x08000551   Thumb Code    16  stm32f4xx_it.o(.text.CAN1_RX0_IRQHandler)
    CAN1_RX1_IRQHandler                      0x08000561   Thumb Code    16  stm32f4xx_it.o(.text.CAN1_RX1_IRQHandler)
    CAN2_RX0_IRQHandler                      0x08000571   Thumb Code    16  stm32f4xx_it.o(.text.CAN2_RX0_IRQHandler)
    CAN2_RX1_IRQHandler                      0x08000581   Thumb Code    16  stm32f4xx_it.o(.text.CAN2_RX1_IRQHandler)
    DMA1_Stream1_IRQHandler                  0x08000591   Thumb Code    16  stm32f4xx_it.o(.text.DMA1_Stream1_IRQHandler)
    DMA1_Stream3_IRQHandler                  0x080005a1   Thumb Code    16  stm32f4xx_it.o(.text.DMA1_Stream3_IRQHandler)
    DMA2_Stream1_IRQHandler                  0x080005b1   Thumb Code    16  stm32f4xx_it.o(.text.DMA2_Stream1_IRQHandler)
    DMA2_Stream2_IRQHandler                  0x080005c1   Thumb Code    16  stm32f4xx_it.o(.text.DMA2_Stream2_IRQHandler)
    DMA2_Stream6_IRQHandler                  0x080005d1   Thumb Code    16  stm32f4xx_it.o(.text.DMA2_Stream6_IRQHandler)
    DMA2_Stream7_IRQHandler                  0x080005e1   Thumb Code    16  stm32f4xx_it.o(.text.DMA2_Stream7_IRQHandler)
    DebugMon_Handler                         0x08000739   Thumb Code     2  stm32f4xx_it.o(.text.DebugMon_Handler)
    Error_Handler                            0x0800073d   Thumb Code     6  main.o(.text.Error_Handler)
    HAL_CAN_ActivateNotification             0x08000745   Thumb Code    82  stm32f4xx_hal_can.o(.text.HAL_CAN_ActivateNotification)
    HAL_CAN_AddTxMessage                     0x08000799   Thumb Code   342  stm32f4xx_hal_can.o(.text.HAL_CAN_AddTxMessage)
    HAL_CAN_ConfigFilter                     0x080008f1   Thumb Code   420  stm32f4xx_hal_can.o(.text.HAL_CAN_ConfigFilter)
    HAL_CAN_ErrorCallback                    0x08000a95   Thumb Code     8  stm32f4xx_hal_can.o(.text.HAL_CAN_ErrorCallback)
    HAL_CAN_GetRxMessage                     0x08000a9d   Thumb Code   530  stm32f4xx_hal_can.o(.text.HAL_CAN_GetRxMessage)
    HAL_CAN_GetTxMailboxesFreeLevel          0x08000cb1   Thumb Code   112  stm32f4xx_hal_can.o(.text.HAL_CAN_GetTxMailboxesFreeLevel)
    HAL_CAN_IRQHandler                       0x08000d21   Thumb Code  1010  stm32f4xx_hal_can.o(.text.HAL_CAN_IRQHandler)
    HAL_CAN_Init                             0x08001115   Thumb Code   478  stm32f4xx_hal_can.o(.text.HAL_CAN_Init)
    HAL_CAN_MspInit                          0x080012f5   Thumb Code   424  can.o(.text.HAL_CAN_MspInit)
    HAL_CAN_RxFifo0FullCallback              0x0800149d   Thumb Code     8  stm32f4xx_hal_can.o(.text.HAL_CAN_RxFifo0FullCallback)
    HAL_CAN_RxFifo0MsgPendingCallback        0x080014a5   Thumb Code   302  callback.o(.text.HAL_CAN_RxFifo0MsgPendingCallback)
    HAL_CAN_RxFifo1FullCallback              0x080015d5   Thumb Code     8  stm32f4xx_hal_can.o(.text.HAL_CAN_RxFifo1FullCallback)
    HAL_CAN_RxFifo1MsgPendingCallback        0x080015dd   Thumb Code     8  stm32f4xx_hal_can.o(.text.HAL_CAN_RxFifo1MsgPendingCallback)
    HAL_CAN_SleepCallback                    0x080015e5   Thumb Code     8  stm32f4xx_hal_can.o(.text.HAL_CAN_SleepCallback)
    HAL_CAN_Start                            0x080015ed   Thumb Code   138  stm32f4xx_hal_can.o(.text.HAL_CAN_Start)
    HAL_CAN_TxMailbox0AbortCallback          0x08001679   Thumb Code     8  stm32f4xx_hal_can.o(.text.HAL_CAN_TxMailbox0AbortCallback)
    HAL_CAN_TxMailbox0CompleteCallback       0x08001681   Thumb Code     8  stm32f4xx_hal_can.o(.text.HAL_CAN_TxMailbox0CompleteCallback)
    HAL_CAN_TxMailbox1AbortCallback          0x08001689   Thumb Code     8  stm32f4xx_hal_can.o(.text.HAL_CAN_TxMailbox1AbortCallback)
    HAL_CAN_TxMailbox1CompleteCallback       0x08001691   Thumb Code     8  stm32f4xx_hal_can.o(.text.HAL_CAN_TxMailbox1CompleteCallback)
    HAL_CAN_TxMailbox2AbortCallback          0x08001699   Thumb Code     8  stm32f4xx_hal_can.o(.text.HAL_CAN_TxMailbox2AbortCallback)
    HAL_CAN_TxMailbox2CompleteCallback       0x080016a1   Thumb Code     8  stm32f4xx_hal_can.o(.text.HAL_CAN_TxMailbox2CompleteCallback)
    HAL_CAN_WakeUpFromRxMsgCallback          0x080016a9   Thumb Code     8  stm32f4xx_hal_can.o(.text.HAL_CAN_WakeUpFromRxMsgCallback)
    HAL_DMA_Abort                            0x080016b1   Thumb Code   236  stm32f4xx_hal_dma.o(.text.HAL_DMA_Abort)
    HAL_DMA_Abort_IT                         0x0800179d   Thumb Code    68  stm32f4xx_hal_dma.o(.text.HAL_DMA_Abort_IT)
    HAL_DMA_IRQHandler                       0x080017e1   Thumb Code   798  stm32f4xx_hal_dma.o(.text.HAL_DMA_IRQHandler)
    HAL_DMA_Init                             0x08001b01   Thumb Code   366  stm32f4xx_hal_dma.o(.text.HAL_DMA_Init)
    HAL_Delay                                0x08001c71   Thumb Code    66  stm32f4xx_hal.o(.text.HAL_Delay)
    HAL_GPIO_Init                            0x08001cb5   Thumb Code   950  stm32f4xx_hal_gpio.o(.text.HAL_GPIO_Init)
    HAL_GetTick                              0x0800206d   Thumb Code    12  stm32f4xx_hal.o(.text.HAL_GetTick)
    HAL_IncTick                              0x08002079   Thumb Code    26  stm32f4xx_hal.o(.text.HAL_IncTick)
    HAL_Init                                 0x08002095   Thumb Code    54  stm32f4xx_hal.o(.text.HAL_Init)
    HAL_InitTick                             0x080020cd   Thumb Code   112  stm32f4xx_hal.o(.text.HAL_InitTick)
    HAL_MspInit                              0x0800213d   Thumb Code    74  stm32f4xx_hal_msp.o(.text.HAL_MspInit)
    HAL_NVIC_EnableIRQ                       0x08002189   Thumb Code    20  stm32f4xx_hal_cortex.o(.text.HAL_NVIC_EnableIRQ)
    HAL_NVIC_SetPriority                     0x0800219d   Thumb Code    50  stm32f4xx_hal_cortex.o(.text.HAL_NVIC_SetPriority)
    HAL_NVIC_SetPriorityGrouping             0x080021d1   Thumb Code    16  stm32f4xx_hal_cortex.o(.text.HAL_NVIC_SetPriorityGrouping)
    HAL_RCC_ClockConfig                      0x080021e1   Thumb Code   610  stm32f4xx_hal_rcc.o(.text.HAL_RCC_ClockConfig)
    HAL_RCC_GetHCLKFreq                      0x08002445   Thumb Code    12  stm32f4xx_hal_rcc.o(.text.HAL_RCC_GetHCLKFreq)
    HAL_RCC_GetPCLK1Freq                     0x08002451   Thumb Code    34  stm32f4xx_hal_rcc.o(.text.HAL_RCC_GetPCLK1Freq)
    HAL_RCC_GetPCLK2Freq                     0x08002475   Thumb Code    34  stm32f4xx_hal_rcc.o(.text.HAL_RCC_GetPCLK2Freq)
    HAL_RCC_GetSysClockFreq                  0x08002499   Thumb Code   230  stm32f4xx_hal_rcc.o(.text.HAL_RCC_GetSysClockFreq)
    HAL_RCC_OscConfig                        0x08002581   Thumb Code  1726  stm32f4xx_hal_rcc.o(.text.HAL_RCC_OscConfig)
    HAL_SYSTICK_Config                       0x08002c41   Thumb Code    16  stm32f4xx_hal_cortex.o(.text.HAL_SYSTICK_Config)
    HAL_TIMEx_BreakCallback                  0x08002c51   Thumb Code     8  stm32f4xx_hal_tim_ex.o(.text.HAL_TIMEx_BreakCallback)
    HAL_TIMEx_CommutCallback                 0x08002c59   Thumb Code     8  stm32f4xx_hal_tim_ex.o(.text.HAL_TIMEx_CommutCallback)
    HAL_TIMEx_MasterConfigSynchronization    0x08002c61   Thumb Code   290  stm32f4xx_hal_tim_ex.o(.text.HAL_TIMEx_MasterConfigSynchronization)
    HAL_TIM_Base_Init                        0x08002d85   Thumb Code   156  stm32f4xx_hal_tim.o(.text.HAL_TIM_Base_Init)
    HAL_TIM_Base_MspInit                     0x08002e21   Thumb Code   138  tim.o(.text.HAL_TIM_Base_MspInit)
    HAL_TIM_ConfigClockSource                0x08002ead   Thumb Code   388  stm32f4xx_hal_tim.o(.text.HAL_TIM_ConfigClockSource)
    HAL_TIM_IC_CaptureCallback               0x08003031   Thumb Code     8  stm32f4xx_hal_tim.o(.text.HAL_TIM_IC_CaptureCallback)
    HAL_TIM_IRQHandler                       0x08003039   Thumb Code   538  stm32f4xx_hal_tim.o(.text.HAL_TIM_IRQHandler)
    HAL_TIM_MspPostInit                      0x08003255   Thumb Code   198  tim.o(.text.HAL_TIM_MspPostInit)
    HAL_TIM_OC_DelayElapsedCallback          0x0800331d   Thumb Code     8  stm32f4xx_hal_tim.o(.text.HAL_TIM_OC_DelayElapsedCallback)
    HAL_TIM_PWM_ConfigChannel                0x08003325   Thumb Code   322  stm32f4xx_hal_tim.o(.text.HAL_TIM_PWM_ConfigChannel)
    HAL_TIM_PWM_Init                         0x08003469   Thumb Code   156  stm32f4xx_hal_tim.o(.text.HAL_TIM_PWM_Init)
    HAL_TIM_PWM_MspInit                      0x08003505   Thumb Code    62  tim.o(.text.HAL_TIM_PWM_MspInit)
    HAL_TIM_PWM_PulseFinishedCallback        0x08003545   Thumb Code     8  stm32f4xx_hal_tim.o(.text.HAL_TIM_PWM_PulseFinishedCallback)
    HAL_TIM_PeriodElapsedCallback            0x0800354d   Thumb Code     8  stm32f4xx_hal_tim.o(.text.HAL_TIM_PeriodElapsedCallback)
    HAL_TIM_TriggerCallback                  0x08003555   Thumb Code     8  stm32f4xx_hal_tim.o(.text.HAL_TIM_TriggerCallback)
    HAL_UARTEx_RxEventCallback               0x0800355d   Thumb Code    12  stm32f4xx_hal_uart.o(.text.HAL_UARTEx_RxEventCallback)
    HAL_UART_ErrorCallback                   0x08003569   Thumb Code     8  stm32f4xx_hal_uart.o(.text.HAL_UART_ErrorCallback)
    HAL_UART_IRQHandler                      0x08003571   Thumb Code  1068  stm32f4xx_hal_uart.o(.text.HAL_UART_IRQHandler)
    HAL_UART_Init                            0x0800399d   Thumb Code   158  stm32f4xx_hal_uart.o(.text.HAL_UART_Init)
    HAL_UART_MspInit                         0x08003a3d   Thumb Code  1042  usart.o(.text.HAL_UART_MspInit)
    HAL_UART_RxCpltCallback                  0x08003e51   Thumb Code     8  stm32f4xx_hal_uart.o(.text.HAL_UART_RxCpltCallback)
    HAL_UART_TxCpltCallback                  0x08003e59   Thumb Code     8  stm32f4xx_hal_uart.o(.text.HAL_UART_TxCpltCallback)
    HardFault_Handler                        0x08003e61   Thumb Code     4  stm32f4xx_it.o(.text.HardFault_Handler)
    Init                                     0x08003e65   Thumb Code     8  callback.o(.text.Init)
    MX_CAN1_Init                             0x08003e6d   Thumb Code    78  can.o(.text.MX_CAN1_Init)
    MX_CAN2_Init                             0x08003ebd   Thumb Code    78  can.o(.text.MX_CAN2_Init)
    MX_DMA_Init                              0x08003f0d   Thumb Code   186  dma.o(.text.MX_DMA_Init)
    MX_GPIO_Init                             0x08003fc9   Thumb Code   210  gpio.o(.text.MX_GPIO_Init)
    MX_TIM4_Init                             0x0800409d   Thumb Code   158  tim.o(.text.MX_TIM4_Init)
    MX_TIM5_Init                             0x0800413d   Thumb Code   270  tim.o(.text.MX_TIM5_Init)
    MX_TIM7_Init                             0x0800424d   Thumb Code    92  tim.o(.text.MX_TIM7_Init)
    MX_USART1_UART_Init                      0x080042a9   Thumb Code    64  usart.o(.text.MX_USART1_UART_Init)
    MX_USART3_UART_Init                      0x080042e9   Thumb Code    76  usart.o(.text.MX_USART3_UART_Init)
    MX_USART6_UART_Init                      0x08004335   Thumb Code    64  usart.o(.text.MX_USART6_UART_Init)
    MemManage_Handler                        0x08004375   Thumb Code     4  stm32f4xx_it.o(.text.MemManage_Handler)
    NMI_Handler                              0x08004379   Thumb Code     4  stm32f4xx_it.o(.text.NMI_Handler)
    PendSV_Handler                           0x080043e9   Thumb Code     2  stm32f4xx_it.o(.text.PendSV_Handler)
    SVC_Handler                              0x080043ed   Thumb Code     2  stm32f4xx_it.o(.text.SVC_Handler)
    SysTick_Handler                          0x08004445   Thumb Code     8  stm32f4xx_it.o(.text.SysTick_Handler)
    SystemClock_Config                       0x0800444d   Thumb Code   188  main.o(.text.SystemClock_Config)
    SystemInit                               0x08004509   Thumb Code    18  system_stm32f4xx.o(.text.SystemInit)
    TIM7_IRQHandler                          0x0800451d   Thumb Code    16  stm32f4xx_it.o(.text.TIM7_IRQHandler)
    TIM_Base_SetConfig                       0x0800452d   Thumb Code   432  stm32f4xx_hal_tim.o(.text.TIM_Base_SetConfig)
    TIM_ETR_SetConfig                        0x080046dd   Thumb Code    52  stm32f4xx_hal_tim.o(.text.TIM_ETR_SetConfig)
    TIM_OC2_SetConfig                        0x08004829   Thumb Code   244  stm32f4xx_hal_tim.o(.text.TIM_OC2_SetConfig)
    USART1_IRQHandler                        0x08004f71   Thumb Code    16  stm32f4xx_it.o(.text.USART1_IRQHandler)
    USART3_IRQHandler                        0x08004f81   Thumb Code    16  stm32f4xx_it.o(.text.USART3_IRQHandler)
    USART6_IRQHandler                        0x08004f91   Thumb Code    16  stm32f4xx_it.o(.text.USART6_IRQHandler)
    UsageFault_Handler                       0x08004fa1   Thumb Code     4  stm32f4xx_it.o(.text.UsageFault_Handler)
    RM_StaticTime::UpLastTime()              0x08004fa5   Thumb Code    22  callback.o(.text._ZN13RM_StaticTime10UpLastTimeEv)
    BSP::Motor::BM::Parameters::Parameters__sub_object(double, double, double, double, double) 0x08004fc1   Thumb Code   472  callback.o(.text._ZN3BSP5Motor2BM10ParametersC2Eddddd)
    BSP::Motor::BM::BMMotorBase<(unsigned char)1>::On(CAN_HandleTypeDef*) 0x08005199   Thumb Code    34  callback.o(.text._ZN3BSP5Motor2BM11BMMotorBaseILh1EE2OnEP17CAN_HandleTypeDef)
    BSP::Motor::BM::BMMotorBase<(unsigned char)1>::OFF(CAN_HandleTypeDef*) 0x080051bd   Thumb Code    34  callback.o(.text._ZN3BSP5Motor2BM11BMMotorBaseILh1EE3OFFEP17CAN_HandleTypeDef)
    BSP::Motor::BM::BMMotorBase<(unsigned char)1>::Parse(CAN_RxHeaderTypeDef, unsigned char const*) 0x080051e1   Thumb Code   238  callback.o(.text._ZN3BSP5Motor2BM11BMMotorBaseILh1EE5ParseE19CAN_RxHeaderTypeDefPKh)
    BSP::Motor::BM::BMMotorBase<(unsigned char)1>::setCAN(float, int) 0x080052d1   Thumb Code   160  callback.o(.text._ZN3BSP5Motor2BM11BMMotorBaseILh1EE6setCANEfi)
    BSP::Motor::BM::BMMotorBase<(unsigned char)1>::sendCAN(CAN_HandleTypeDef*, unsigned int) 0x08005371   Thumb Code    28  callback.o(.text._ZN3BSP5Motor2BM11BMMotorBaseILh1EE7sendCANEP17CAN_HandleTypeDefj)
    BSP::Motor::BM::BMMotorBase<(unsigned char)1>::Configure(unsigned int) 0x08005391   Thumb Code   968  callback.o(.text._ZN3BSP5Motor2BM11BMMotorBaseILh1EE9ConfigureEj)
    BSP::Motor::BM::BMMotorBase<(unsigned char)1>::BMMotorBase__sub_object(unsigned short, unsigned char const (&) [1], unsigned int, BSP::Motor::BM::Parameters) 0x08005759   Thumb Code   124  callback.o(.text._ZN3BSP5Motor2BM11BMMotorBaseILh1EEC2EtRA1_KhjNS1_10ParametersE)
    BSP::Motor::BM::PB1010B<(unsigned char)1>::PB1010B__sub_object(unsigned short, unsigned char const (&) [1], unsigned int) 0x080057d9   Thumb Code   176  callback.o(.text._ZN3BSP5Motor2BM7PB1010BILh1EEC2EtRA1_Khj)
    BSP::Motor::DM::Parameters::Parameters__sub_object(float, float, float, float, float, float, float, float, float, float) 0x08005889   Thumb Code    90  callback.o(.text._ZN3BSP5Motor2DM10ParametersC2Effffffffff)
    BSP::Motor::DM::DMMotorBase<(unsigned char)1>::uint_to_float(int, float, float, int) 0x080058e5   Thumb Code    84  callback.o(.text._ZN3BSP5Motor2DM11DMMotorBaseILh1EE13uint_to_floatEiffi)
    BSP::Motor::DM::DMMotorBase<(unsigned char)1>::Parse(CAN_RxHeaderTypeDef, unsigned char const*) 0x08005939   Thumb Code   290  callback.o(.text._ZN3BSP5Motor2DM11DMMotorBaseILh1EE5ParseE19CAN_RxHeaderTypeDefPKh)
    BSP::Motor::DM::DMMotorBase<(unsigned char)1>::Configure(unsigned int) 0x08005a61   Thumb Code   768  callback.o(.text._ZN3BSP5Motor2DM11DMMotorBaseILh1EE9ConfigureEj)
    BSP::Motor::DM::DMMotorBase<(unsigned char)1>::DMMotorBase__sub_object(unsigned short, unsigned char const (&) [1], unsigned int const (&) [1], BSP::Motor::DM::Parameters) 0x08005d61   Thumb Code   256  callback.o(.text._ZN3BSP5Motor2DM11DMMotorBaseILh1EEC2EtRA1_KhRA1_KjNS1_10ParametersE)
    BSP::Motor::DM::J4310<(unsigned char)1>::J4310__sub_object(unsigned short, unsigned char const (&) [1], unsigned int const (&) [1]) 0x08005e61   Thumb Code   200  callback.o(.text._ZN3BSP5Motor2DM5J4310ILh1EEC2EtRA1_KhRA1_Kj)
    BSP::Motor::Dji::Parameters::Parameters__sub_object(double, double, double, double, double) 0x08005f29   Thumb Code   456  callback.o(.text._ZN3BSP5Motor3Dji10ParametersC2Eddddd)
    BSP::Motor::Dji::DjiMotorBase<(unsigned char)1>::Parse(CAN_RxHeaderTypeDef, unsigned char const*) 0x080060f1   Thumb Code   222  callback.o(.text._ZN3BSP5Motor3Dji12DjiMotorBaseILh1EE5ParseE19CAN_RxHeaderTypeDefPKh)
    BSP::Motor::Dji::DjiMotorBase<(unsigned char)1>::Configure(unsigned int) 0x080061d1   Thumb Code   984  callback.o(.text._ZN3BSP5Motor3Dji12DjiMotorBaseILh1EE9ConfigureEj)
    BSP::Motor::Dji::DjiMotorBase<(unsigned char)1>::DjiMotorBase__sub_object(unsigned short, unsigned char const (&) [1], unsigned int, BSP::Motor::Dji::Parameters) 0x080065a9   Thumb Code   124  callback.o(.text._ZN3BSP5Motor3Dji12DjiMotorBaseILh1EEC2EtRA1_KhjNS1_10ParametersE)
    BSP::Motor::Dji::DjiMotorBase<(unsigned char)2>::Parse(CAN_RxHeaderTypeDef, unsigned char const*) 0x08006625   Thumb Code   222  callback.o(.text._ZN3BSP5Motor3Dji12DjiMotorBaseILh2EE5ParseE19CAN_RxHeaderTypeDefPKh)
    BSP::Motor::Dji::DjiMotorBase<(unsigned char)2>::Configure(unsigned int) 0x08006709   Thumb Code   984  callback.o(.text._ZN3BSP5Motor3Dji12DjiMotorBaseILh2EE9ConfigureEj)
    BSP::Motor::Dji::DjiMotorBase<(unsigned char)2>::DjiMotorBase__sub_object(unsigned short, unsigned char const (&) [2], unsigned int, BSP::Motor::Dji::Parameters) 0x08006ae1   Thumb Code   126  callback.o(.text._ZN3BSP5Motor3Dji12DjiMotorBaseILh2EEC2EtRA2_KhjNS1_10ParametersE)
    BSP::Motor::Dji::GM2006<(unsigned char)1>::GM2006__sub_object(unsigned short, unsigned char const (&) [1], unsigned int) 0x08006b61   Thumb Code   176  callback.o(.text._ZN3BSP5Motor3Dji6GM2006ILh1EEC2EtRA1_Khj)
    BSP::Motor::Dji::GM3508<(unsigned char)2>::GM3508__sub_object(unsigned short, unsigned char const (&) [2], unsigned int) 0x08006c11   Thumb Code   176  callback.o(.text._ZN3BSP5Motor3Dji6GM3508ILh2EEC2EtRA2_Khj)
    BSP::Motor::Dji::GM6020<(unsigned char)1>::GM6020__sub_object(unsigned short, unsigned char const (&) [1], unsigned int) 0x08006cc1   Thumb Code   176  callback.o(.text._ZN3BSP5Motor3Dji6GM6020ILh1EEC2EtRA1_Khj)
    BSP::Motor::MotorBase<(unsigned char)1>::getVelocityRads(unsigned char) 0x08006d71   Thumb Code    44  callback.o(.text._ZN3BSP5Motor9MotorBaseILh1EE15getVelocityRadsEh)
    BSP::Motor::MotorBase<(unsigned char)1>::MotorBase__sub_object() 0x08006d9d   Thumb Code    22  callback.o(.text._ZN3BSP5Motor9MotorBaseILh1EEC2Ev)
    BSP::Motor::MotorBase<(unsigned char)2>::MotorBase__sub_object() 0x08006db5   Thumb Code    22  callback.o(.text._ZN3BSP5Motor9MotorBaseILh2EEC2Ev)
    CAN::BSP::CAN_Filter_Init()              0x08006dcd   Thumb Code    74  callback.o(.text._ZN3CAN3BSP15CAN_Filter_InitEv)
    CAN::BSP::CAN_ID(CAN_RxHeaderTypeDef const&) 0x08006e19   Thumb Code    12  callback.o(.text._ZN3CAN3BSP6CAN_IDERK19CAN_RxHeaderTypeDef)
    CAN::BSP::Can_Init()                     0x08006e25   Thumb Code    58  callback.o(.text._ZN3CAN3BSP8Can_InitEv)
    CAN::BSP::Can_Send(CAN_HandleTypeDef*, unsigned int, unsigned char*, unsigned int) 0x08006e61   Thumb Code    60  callback.o(.text._ZN3CAN3BSP8Can_SendEP17CAN_HandleTypeDefjPhj)
    __cxa_pure_virtual                       0x08006f5d   Thumb Code     8  cxa_virtual.cpp.o(.text.__cxa_pure_virtual)
    abort_message                            0x0800713d   Thumb Code     4  abort_message.cpp.o(.text.abort_message)
    in_while                                 0x08007141   Thumb Code   408  callback.o(.text.in_while)
    main                                     0x080072d9   Thumb Code    68  main.o(.text.main)
    __cxa_guard_acquire                      0x0800731d   Thumb Code    40  cxa_guard.cpp.o(.text.unlikely.__cxa_guard_acquire)
    __cxa_guard_release                      0x0800737d   Thumb Code     8  cxa_guard.cpp.o(.text.unlikely.__cxa_guard_release)
    __aeabi_d2f                              0x08007385   Thumb Code     0  d2f.o(x$fpl$d2f)
    _d2f                                     0x08007385   Thumb Code    98  d2f.o(x$fpl$d2f)
    __aeabi_dadd                             0x080073e9   Thumb Code     0  daddsub_clz.o(x$fpl$dadd)
    _dadd                                    0x080073e9   Thumb Code   332  daddsub_clz.o(x$fpl$dadd)
    __fpl_dcmp_Inf                           0x08007539   Thumb Code    24  dcmpi.o(x$fpl$dcmpinf)
    __aeabi_ddiv                             0x08007551   Thumb Code     0  ddiv.o(x$fpl$ddiv)
    _ddiv                                    0x08007551   Thumb Code   556  ddiv.o(x$fpl$ddiv)
    __aeabi_cdcmpeq                          0x08007805   Thumb Code     0  deqf.o(x$fpl$deqf)
    _dcmpeq                                  0x08007805   Thumb Code   120  deqf.o(x$fpl$deqf)
    __aeabi_i2d                              0x0800787d   Thumb Code     0  dflt_clz.o(x$fpl$dflt)
    _dflt                                    0x0800787d   Thumb Code    46  dflt_clz.o(x$fpl$dflt)
    __aeabi_ui2d                             0x080078ab   Thumb Code     0  dflt_clz.o(x$fpl$dfltu)
    _dfltu                                   0x080078ab   Thumb Code    38  dflt_clz.o(x$fpl$dfltu)
    __aeabi_cdcmpge                          0x080078d1   Thumb Code     0  dgeqf.o(x$fpl$dgeqf)
    _dcmpge                                  0x080078d1   Thumb Code   120  dgeqf.o(x$fpl$dgeqf)
    __aeabi_cdcmple                          0x08007949   Thumb Code     0  dleqf.o(x$fpl$dleqf)
    _dcmple                                  0x08007949   Thumb Code   120  dleqf.o(x$fpl$dleqf)
    __fpl_dcmple_InfNaN                      0x080079ab   Thumb Code     0  dleqf.o(x$fpl$dleqf)
    __aeabi_dmul                             0x080079c1   Thumb Code     0  dmul.o(x$fpl$dmul)
    _dmul                                    0x080079c1   Thumb Code   332  dmul.o(x$fpl$dmul)
    __fpl_dnaninf                            0x08007b15   Thumb Code   156  dnaninf.o(x$fpl$dnaninf)
    __fpl_dretinf                            0x08007bb1   Thumb Code    12  dretinf.o(x$fpl$dretinf)
    __aeabi_dsub                             0x08007bbd   Thumb Code     0  daddsub_clz.o(x$fpl$dsub)
    _dsub                                    0x08007bbd   Thumb Code   472  daddsub_clz.o(x$fpl$dsub)
    __aeabi_f2d                              0x08007d99   Thumb Code     0  f2d.o(x$fpl$f2d)
    _f2d                                     0x08007d99   Thumb Code    86  f2d.o(x$fpl$f2d)
    __aeabi_dcmpeq                           0x08007def   Thumb Code     0  dcmp.o(x$fpl$fcmp)
    _deq                                     0x08007def   Thumb Code    14  dcmp.o(x$fpl$fcmp)
    _dneq                                    0x08007dfd   Thumb Code    14  dcmp.o(x$fpl$fcmp)
    __aeabi_dcmpgt                           0x08007e0b   Thumb Code     0  dcmp.o(x$fpl$fcmp)
    _dgr                                     0x08007e0b   Thumb Code    14  dcmp.o(x$fpl$fcmp)
    __aeabi_dcmpge                           0x08007e19   Thumb Code     0  dcmp.o(x$fpl$fcmp)
    _dgeq                                    0x08007e19   Thumb Code    14  dcmp.o(x$fpl$fcmp)
    __aeabi_dcmple                           0x08007e27   Thumb Code     0  dcmp.o(x$fpl$fcmp)
    _dleq                                    0x08007e27   Thumb Code    14  dcmp.o(x$fpl$fcmp)
    __aeabi_dcmplt                           0x08007e35   Thumb Code     0  dcmp.o(x$fpl$fcmp)
    _dls                                     0x08007e35   Thumb Code    14  dcmp.o(x$fpl$fcmp)
    __fpl_fnaninf                            0x08007e43   Thumb Code   140  fnaninf.o(x$fpl$fnaninf)
    _fp_init                                 0x08007ecf   Thumb Code    26  fpinit.o(x$fpl$fpinit)
    __fplib_config_fpu_vfp                   0x08007ee7   Thumb Code     0  fpinit.o(x$fpl$fpinit)
    __fplib_config_pureend_doubles           0x08007ee7   Thumb Code     0  fpinit.o(x$fpl$fpinit)
    __fpl_fretinf                            0x08007ee9   Thumb Code    10  fretinf.o(x$fpl$fretinf)
    AHBPrescTable                            0x08007ef2   Data          16  system_stm32f4xx.o(.rodata.AHBPrescTable)
    __I$use$fp                               0x08007ef2   Number         0  usenofp.o(x$fpl$usenofp)
    APBPrescTable                            0x08007f02   Data           8  system_stm32f4xx.o(.rodata.APBPrescTable)
    vtable for BSP::Motor::BM::BMMotorBase<(unsigned char)1> 0x08007f14   Data          12  callback.o(.rodata._ZTVN3BSP5Motor2BM11BMMotorBaseILh1EEE)
    vtable for BSP::Motor::BM::PB1010B<(unsigned char)1> 0x08007f20   Data          12  callback.o(.rodata._ZTVN3BSP5Motor2BM7PB1010BILh1EEE)
    vtable for BSP::Motor::DM::DMMotorBase<(unsigned char)1> 0x08007f2c   Data          12  callback.o(.rodata._ZTVN3BSP5Motor2DM11DMMotorBaseILh1EEE)
    vtable for BSP::Motor::DM::J4310<(unsigned char)1> 0x08007f38   Data          12  callback.o(.rodata._ZTVN3BSP5Motor2DM5J4310ILh1EEE)
    vtable for BSP::Motor::Dji::DjiMotorBase<(unsigned char)1> 0x08007f44   Data          12  callback.o(.rodata._ZTVN3BSP5Motor3Dji12DjiMotorBaseILh1EEE)
    vtable for BSP::Motor::Dji::DjiMotorBase<(unsigned char)2> 0x08007f50   Data          12  callback.o(.rodata._ZTVN3BSP5Motor3Dji12DjiMotorBaseILh2EEE)
    vtable for BSP::Motor::Dji::GM2006<(unsigned char)1> 0x08007f5c   Data          12  callback.o(.rodata._ZTVN3BSP5Motor3Dji6GM2006ILh1EEE)
    vtable for BSP::Motor::Dji::GM3508<(unsigned char)2> 0x08007f68   Data          12  callback.o(.rodata._ZTVN3BSP5Motor3Dji6GM3508ILh2EEE)
    vtable for BSP::Motor::Dji::GM6020<(unsigned char)1> 0x08007f74   Data          12  callback.o(.rodata._ZTVN3BSP5Motor3Dji6GM6020ILh1EEE)
    vtable for BSP::Motor::MotorBase<(unsigned char)1> 0x08007f80   Data          12  callback.o(.rodata._ZTVN3BSP5Motor9MotorBaseILh1EEE)
    vtable for BSP::Motor::MotorBase<(unsigned char)2> 0x08007f8c   Data          12  callback.o(.rodata._ZTVN3BSP5Motor9MotorBaseILh2EEE)
    Region$$Table$$Base                      0x08007f98   Number         0  anon$$obj.o(Region$$Table)
    Region$$Table$$Limit                     0x08007fb8   Number         0  anon$$obj.o(Region$$Table)
    SHT$$INIT_ARRAY$$Base                    0x08007fb8   Number         0  callback.o(.init_array)
    SHT$$INIT_ARRAY$$Limit                   0x08007fcc   Number         0  init_aeabi.o(.init_array)
    SystemCoreClock                          0x20000000   Data           4  system_stm32f4xx.o(.data.SystemCoreClock)
    uwTickFreq                               0x20000004   Data           1  stm32f4xx_hal.o(.data.uwTickFreq)
    uwTickPrio                               0x20000008   Data           4  stm32f4xx_hal.o(.data.uwTickPrio)
    __libspace_start                         0x20000010   Data          96  libspace.o(.bss)
    __temporary_stack_top$libspace           0x20000070   Data           0  libspace.o(.bss)
    RxHeader                                 0x20000074   Data          28  callback.o(.bss.RxHeader)
    RxHeaderData                             0x20000090   Data           8  callback.o(.bss.RxHeaderData)
    guard variable for BSP::Motor::BM::MotorP1010B 0x20000098   Data           4  callback.o(.bss._ZGVN3BSP5Motor2BM11MotorP1010BE)
    guard variable for BSP::Motor::DM::Motor4310 0x2000009c   Data           4  callback.o(.bss._ZGVN3BSP5Motor2DM9Motor4310E)
    guard variable for BSP::Motor::Dji::Motor2006 0x200000a0   Data           4  callback.o(.bss._ZGVN3BSP5Motor3Dji9Motor2006E)
    guard variable for BSP::Motor::Dji::Motor3508 0x200000a4   Data           4  callback.o(.bss._ZGVN3BSP5Motor3Dji9Motor3508E)
    guard variable for BSP::Motor::Dji::Motor6020 0x200000a8   Data           4  callback.o(.bss._ZGVN3BSP5Motor3Dji9Motor6020E)
    BSP::Motor::BM::MotorP1010B              0x200000b0   Data         208  callback.o(.bss._ZN3BSP5Motor2BM11MotorP1010BE)
    BSP::Motor::DM::Motor4310                0x20000180   Data         176  callback.o(.bss._ZN3BSP5Motor2DM9Motor4310E)
    BSP::Motor::Dji::Motor2006               0x20000230   Data         208  callback.o(.bss._ZN3BSP5Motor3Dji9Motor2006E)
    BSP::Motor::Dji::Motor3508               0x20000300   Data         304  callback.o(.bss._ZN3BSP5Motor3Dji9Motor3508E)
    BSP::Motor::Dji::Motor6020               0x20000430   Data         208  callback.o(.bss._ZN3BSP5Motor3Dji9Motor6020E)
    add_angle                                0x20000500   Data           4  callback.o(.bss.add_angle)
    hcan1                                    0x20000504   Data          40  can.o(.bss.hcan1)
    hcan2                                    0x2000052c   Data          40  can.o(.bss.hcan2)
    hdma_usart1_rx                           0x20000554   Data          96  usart.o(.bss.hdma_usart1_rx)
    hdma_usart1_tx                           0x200005b4   Data          96  usart.o(.bss.hdma_usart1_tx)
    hdma_usart3_rx                           0x20000614   Data          96  usart.o(.bss.hdma_usart3_rx)
    hdma_usart3_tx                           0x20000674   Data          96  usart.o(.bss.hdma_usart3_tx)
    hdma_usart6_rx                           0x200006d4   Data          96  usart.o(.bss.hdma_usart6_rx)
    hdma_usart6_tx                           0x20000734   Data          96  usart.o(.bss.hdma_usart6_tx)
    htim4                                    0x20000794   Data          72  tim.o(.bss.htim4)
    htim5                                    0x200007dc   Data          72  tim.o(.bss.htim5)
    htim7                                    0x20000824   Data          72  tim.o(.bss.htim7)
    huart1                                   0x2000086c   Data          72  usart.o(.bss.huart1)
    huart3                                   0x200008b4   Data          72  usart.o(.bss.huart3)
    huart6                                   0x200008fc   Data          72  usart.o(.bss.huart6)
    is_on                                    0x20000944   Data           1  callback.o(.bss.is_on)
    kp                                       0x20000948   Data           4  callback.o(.bss.kp)
    pid_out                                  0x2000094c   Data           4  callback.o(.bss.pid_out)
    rad                                      0x20000950   Data           4  callback.o(.bss.rad)
    uwTick                                   0x20000954   Data           4  stm32f4xx_hal.o(.bss.uwTick)
    vel                                      0x20000958   Data           4  callback.o(.bss.vel)



==============================================================================

Memory Map of the image

  Image Entry point : 0x08000189

  Load Region LR_IROM1 (Base: 0x08000000, Size: 0x00007fe0, Max: 0x00100000, ABSOLUTE)

    Execution Region ER_IROM1 (Exec base: 0x08000000, Load base: 0x08000000, Size: 0x00007fcc, Max: 0x00100000, ABSOLUTE)

    Exec Addr    Load Addr    Size         Type   Attr      Idx    E Section Name        Object

    0x08000000   0x08000000   0x00000188   Data   RO            3    RESET               startup_stm32f407xx.o
    0x08000188   0x08000188   0x00000008   Code   RO         1304  * !!!main             c_w.l(__main.o)
    0x08000190   0x08000190   0x00000034   Code   RO         1554    !!!scatter          c_w.l(__scatter.o)
    0x080001c4   0x080001c4   0x0000001a   Code   RO         1556    !!handler_copy      c_w.l(__scatter_copy.o)
    0x080001de   0x080001de   0x00000002   PAD
    0x080001e0   0x080001e0   0x0000001c   Code   RO         1558    !!handler_zi        c_w.l(__scatter_zi.o)
    0x080001fc   0x080001fc   0x00000002   Code   RO         1475    .ARM.Collect$$libinit$$00000000  c_w.l(libinit.o)
    0x080001fe   0x080001fe   0x00000004   Code   RO         1355    .ARM.Collect$$libinit$$00000001  c_w.l(libinit2.o)
    0x08000202   0x08000202   0x00000000   Code   RO         1358    .ARM.Collect$$libinit$$00000004  c_w.l(libinit2.o)
    0x08000202   0x08000202   0x00000000   Code   RO         1360    .ARM.Collect$$libinit$$00000006  c_w.l(libinit2.o)
    0x08000202   0x08000202   0x00000000   Code   RO         1363    .ARM.Collect$$libinit$$0000000C  c_w.l(libinit2.o)
    0x08000202   0x08000202   0x00000000   Code   RO         1365    .ARM.Collect$$libinit$$0000000E  c_w.l(libinit2.o)
    0x08000202   0x08000202   0x00000000   Code   RO         1367    .ARM.Collect$$libinit$$00000010  c_w.l(libinit2.o)
    0x08000202   0x08000202   0x00000000   Code   RO         1370    .ARM.Collect$$libinit$$00000013  c_w.l(libinit2.o)
    0x08000202   0x08000202   0x00000000   Code   RO         1372    .ARM.Collect$$libinit$$00000015  c_w.l(libinit2.o)
    0x08000202   0x08000202   0x00000000   Code   RO         1374    .ARM.Collect$$libinit$$00000017  c_w.l(libinit2.o)
    0x08000202   0x08000202   0x00000000   Code   RO         1376    .ARM.Collect$$libinit$$00000019  c_w.l(libinit2.o)
    0x08000202   0x08000202   0x00000000   Code   RO         1378    .ARM.Collect$$libinit$$0000001B  c_w.l(libinit2.o)
    0x08000202   0x08000202   0x00000000   Code   RO         1380    .ARM.Collect$$libinit$$0000001D  c_w.l(libinit2.o)
    0x08000202   0x08000202   0x00000000   Code   RO         1382    .ARM.Collect$$libinit$$0000001F  c_w.l(libinit2.o)
    0x08000202   0x08000202   0x00000000   Code   RO         1384    .ARM.Collect$$libinit$$00000021  c_w.l(libinit2.o)
    0x08000202   0x08000202   0x00000000   Code   RO         1386    .ARM.Collect$$libinit$$00000023  c_w.l(libinit2.o)
    0x08000202   0x08000202   0x00000000   Code   RO         1388    .ARM.Collect$$libinit$$00000025  c_w.l(libinit2.o)
    0x08000202   0x08000202   0x00000000   Code   RO         1390    .ARM.Collect$$libinit$$00000027  c_w.l(libinit2.o)
    0x08000202   0x08000202   0x00000000   Code   RO         1394    .ARM.Collect$$libinit$$0000002E  c_w.l(libinit2.o)
    0x08000202   0x08000202   0x00000000   Code   RO         1396    .ARM.Collect$$libinit$$00000030  c_w.l(libinit2.o)
    0x08000202   0x08000202   0x00000000   Code   RO         1398    .ARM.Collect$$libinit$$00000032  c_w.l(libinit2.o)
    0x08000202   0x08000202   0x00000004   Code   RO         1399    .ARM.Collect$$libinit$$00000033  c_w.l(libinit2.o)
    0x08000206   0x08000206   0x00000000   Code   RO         1400    .ARM.Collect$$libinit$$00000034  c_w.l(libinit2.o)
    0x08000206   0x08000206   0x00000002   Code   RO         1401    .ARM.Collect$$libinit$$00000035  c_w.l(libinit2.o)
    0x08000208   0x08000208   0x00000002   Code   RO         1523    .ARM.Collect$$libshutdown$$00000000  c_w.l(libshutdown.o)
    0x0800020a   0x0800020a   0x00000000   Code   RO         1537    .ARM.Collect$$libshutdown$$00000002  c_w.l(libshutdown2.o)
    0x0800020a   0x0800020a   0x00000000   Code   RO         1539    .ARM.Collect$$libshutdown$$00000004  c_w.l(libshutdown2.o)
    0x0800020a   0x0800020a   0x00000000   Code   RO         1542    .ARM.Collect$$libshutdown$$00000007  c_w.l(libshutdown2.o)
    0x0800020a   0x0800020a   0x00000000   Code   RO         1545    .ARM.Collect$$libshutdown$$0000000A  c_w.l(libshutdown2.o)
    0x0800020a   0x0800020a   0x00000000   Code   RO         1547    .ARM.Collect$$libshutdown$$0000000C  c_w.l(libshutdown2.o)
    0x0800020a   0x0800020a   0x00000000   Code   RO         1550    .ARM.Collect$$libshutdown$$0000000F  c_w.l(libshutdown2.o)
    0x0800020a   0x0800020a   0x00000002   Code   RO         1551    .ARM.Collect$$libshutdown$$00000010  c_w.l(libshutdown2.o)
    0x0800020c   0x0800020c   0x00000000   Code   RO         1350    .ARM.Collect$$rtentry$$00000000  c_w.l(__rtentry.o)
    0x0800020c   0x0800020c   0x00000000   Code   RO         1426    .ARM.Collect$$rtentry$$00000002  c_w.l(__rtentry2.o)
    0x0800020c   0x0800020c   0x00000006   Code   RO         1438    .ARM.Collect$$rtentry$$00000004  c_w.l(__rtentry4.o)
    0x08000212   0x08000212   0x00000000   Code   RO         1428    .ARM.Collect$$rtentry$$00000009  c_w.l(__rtentry2.o)
    0x08000212   0x08000212   0x00000004   Code   RO         1429    .ARM.Collect$$rtentry$$0000000A  c_w.l(__rtentry2.o)
    0x08000216   0x08000216   0x00000000   Code   RO         1431    .ARM.Collect$$rtentry$$0000000C  c_w.l(__rtentry2.o)
    0x08000216   0x08000216   0x00000008   Code   RO         1432    .ARM.Collect$$rtentry$$0000000D  c_w.l(__rtentry2.o)
    0x0800021e   0x0800021e   0x00000002   Code   RO         1486    .ARM.Collect$$rtexit$$00000000  c_w.l(rtexit.o)
    0x08000220   0x08000220   0x00000000   Code   RO         1503    .ARM.Collect$$rtexit$$00000002  c_w.l(rtexit2.o)
    0x08000220   0x08000220   0x00000004   Code   RO         1504    .ARM.Collect$$rtexit$$00000003  c_w.l(rtexit2.o)
    0x08000224   0x08000224   0x00000006   Code   RO         1505    .ARM.Collect$$rtexit$$00000004  c_w.l(rtexit2.o)
    0x0800022a   0x0800022a   0x00000002   PAD
    0x0800022c   0x0800022c   0x00000040   Code   RO            4    .text               startup_stm32f407xx.o
    0x0800026c   0x0800026c   0x000000f0   Code   RO         1296    .text               c_w.l(lludivv7m.o)
    0x0800035c   0x0800035c   0x00000064   Code   RO         1298    .text               c_w.l(rt_memcpy_w.o)
    0x080003c0   0x080003c0   0x0000004e   Code   RO         1300    .text               c_w.l(rt_memclr_w.o)
    0x0800040e   0x0800040e   0x00000006   Code   RO         1302    .text               c_w.l(heapauxi.o)
    0x08000414   0x08000414   0x00000024   Code   RO         1309    .text               c_w.l(init_aeabi.o)
    0x08000438   0x08000438   0x00000016   Code   RO         1442    .text               c_w.l(abort.o)
    0x0800044e   0x0800044e   0x00000002   PAD
    0x08000450   0x08000450   0x0000000c   Code   RO         1450    .text               c_w.l(sys_exit.o)
    0x0800045c   0x0800045c   0x0000004a   Code   RO         1454    .text               c_w.l(sys_stackheap_outer.o)
    0x080004a6   0x080004a6   0x00000012   Code   RO         1456    .text               c_w.l(exit.o)
    0x080004b8   0x080004b8   0x0000000e   Code   RO         1458    .text               c_w.l(defsig_abrt_outer.o)
    0x080004c6   0x080004c6   0x00000002   PAD
    0x080004c8   0x080004c8   0x00000008   Code   RO         1480    .text               c_w.l(libspace.o)
    0x080004d0   0x080004d0   0x00000002   Code   RO         1483    .text               c_w.l(use_no_semi.o)
    0x080004d2   0x080004d2   0x00000000   Code   RO         1485    .text               c_w.l(indicate_semi.o)
    0x080004d2   0x080004d2   0x0000000a   Code   RO         1492    .text               c_w.l(defsig_exit.o)
    0x080004dc   0x080004dc   0x00000030   Code   RO         1494    .text               c_w.l(defsig_abrt_inner.o)
    0x0800050c   0x0800050c   0x00000032   Code   RO         1511    .text               c_w.l(defsig_general.o)
    0x0800053e   0x0800053e   0x0000000e   Code   RO         1515    .text               c_w.l(sys_wrch.o)
    0x0800054c   0x0800054c   0x00000004   Code   RO          117    .text.BusFault_Handler  stm32f4xx_it.o
    0x08000550   0x08000550   0x00000010   Code   RO          133    .text.CAN1_RX0_IRQHandler  stm32f4xx_it.o
    0x08000560   0x08000560   0x00000010   Code   RO          135    .text.CAN1_RX1_IRQHandler  stm32f4xx_it.o
    0x08000570   0x08000570   0x00000010   Code   RO          147    .text.CAN2_RX0_IRQHandler  stm32f4xx_it.o
    0x08000580   0x08000580   0x00000010   Code   RO          149    .text.CAN2_RX1_IRQHandler  stm32f4xx_it.o
    0x08000590   0x08000590   0x00000010   Code   RO          129    .text.DMA1_Stream1_IRQHandler  stm32f4xx_it.o
    0x080005a0   0x080005a0   0x00000010   Code   RO          131    .text.DMA1_Stream3_IRQHandler  stm32f4xx_it.o
    0x080005b0   0x080005b0   0x00000010   Code   RO          143    .text.DMA2_Stream1_IRQHandler  stm32f4xx_it.o
    0x080005c0   0x080005c0   0x00000010   Code   RO          145    .text.DMA2_Stream2_IRQHandler  stm32f4xx_it.o
    0x080005d0   0x080005d0   0x00000010   Code   RO          151    .text.DMA2_Stream6_IRQHandler  stm32f4xx_it.o
    0x080005e0   0x080005e0   0x00000010   Code   RO          153    .text.DMA2_Stream7_IRQHandler  stm32f4xx_it.o
    0x080005f0   0x080005f0   0x00000056   Code   RO          429    .text.DMA_CalcBaseAndBitshift  stm32f4xx_hal_dma.o
    0x08000646   0x08000646   0x00000002   PAD
    0x08000648   0x08000648   0x000000f0   Code   RO          427    .text.DMA_CheckFifoParam  stm32f4xx_hal_dma.o
    0x08000738   0x08000738   0x00000002   Code   RO          123    .text.DebugMon_Handler  stm32f4xx_it.o
    0x0800073a   0x0800073a   0x00000002   PAD
    0x0800073c   0x0800073c   0x00000006   Code   RO           15    .text.Error_Handler  main.o
    0x08000742   0x08000742   0x00000002   PAD
    0x08000744   0x08000744   0x00000052   Code   RO          206    .text.HAL_CAN_ActivateNotification  stm32f4xx_hal_can.o
    0x08000796   0x08000796   0x00000002   PAD
    0x08000798   0x08000798   0x00000156   Code   RO          192    .text.HAL_CAN_AddTxMessage  stm32f4xx_hal_can.o
    0x080008ee   0x080008ee   0x00000002   PAD
    0x080008f0   0x080008f0   0x000001a4   Code   RO          182    .text.HAL_CAN_ConfigFilter  stm32f4xx_hal_can.o
    0x08000a94   0x08000a94   0x00000008   Code   RO          236    .text.HAL_CAN_ErrorCallback  stm32f4xx_hal_can.o
    0x08000a9c   0x08000a9c   0x00000212   Code   RO          202    .text.HAL_CAN_GetRxMessage  stm32f4xx_hal_can.o
    0x08000cae   0x08000cae   0x00000002   PAD
    0x08000cb0   0x08000cb0   0x00000070   Code   RO          196    .text.HAL_CAN_GetTxMailboxesFreeLevel  stm32f4xx_hal_can.o
    0x08000d20   0x08000d20   0x000003f2   Code   RO          210    .text.HAL_CAN_IRQHandler  stm32f4xx_hal_can.o
    0x08001112   0x08001112   0x00000002   PAD
    0x08001114   0x08001114   0x000001de   Code   RO          172    .text.HAL_CAN_Init  stm32f4xx_hal_can.o
    0x080012f2   0x080012f2   0x00000002   PAD
    0x080012f4   0x080012f4   0x000001a8   Code   RO           37    .text.HAL_CAN_MspInit  can.o
    0x0800149c   0x0800149c   0x00000008   Code   RO          224    .text.HAL_CAN_RxFifo0FullCallback  stm32f4xx_hal_can.o
    0x080014a4   0x080014a4   0x0000012e   Code   RO         1174    .text.HAL_CAN_RxFifo0MsgPendingCallback  callback.o
    0x080015d2   0x080015d2   0x00000002   PAD
    0x080015d4   0x080015d4   0x00000008   Code   RO          228    .text.HAL_CAN_RxFifo1FullCallback  stm32f4xx_hal_can.o
    0x080015dc   0x080015dc   0x00000008   Code   RO          230    .text.HAL_CAN_RxFifo1MsgPendingCallback  stm32f4xx_hal_can.o
    0x080015e4   0x080015e4   0x00000008   Code   RO          232    .text.HAL_CAN_SleepCallback  stm32f4xx_hal_can.o
    0x080015ec   0x080015ec   0x0000008a   Code   RO          184    .text.HAL_CAN_Start  stm32f4xx_hal_can.o
    0x08001676   0x08001676   0x00000002   PAD
    0x08001678   0x08001678   0x00000008   Code   RO          214    .text.HAL_CAN_TxMailbox0AbortCallback  stm32f4xx_hal_can.o
    0x08001680   0x08001680   0x00000008   Code   RO          212    .text.HAL_CAN_TxMailbox0CompleteCallback  stm32f4xx_hal_can.o
    0x08001688   0x08001688   0x00000008   Code   RO          218    .text.HAL_CAN_TxMailbox1AbortCallback  stm32f4xx_hal_can.o
    0x08001690   0x08001690   0x00000008   Code   RO          216    .text.HAL_CAN_TxMailbox1CompleteCallback  stm32f4xx_hal_can.o
    0x08001698   0x08001698   0x00000008   Code   RO          222    .text.HAL_CAN_TxMailbox2AbortCallback  stm32f4xx_hal_can.o
    0x080016a0   0x080016a0   0x00000008   Code   RO          220    .text.HAL_CAN_TxMailbox2CompleteCallback  stm32f4xx_hal_can.o
    0x080016a8   0x080016a8   0x00000008   Code   RO          234    .text.HAL_CAN_WakeUpFromRxMsgCallback  stm32f4xx_hal_can.o
    0x080016b0   0x080016b0   0x000000ec   Code   RO          439    .text.HAL_DMA_Abort  stm32f4xx_hal_dma.o
    0x0800179c   0x0800179c   0x00000044   Code   RO          441    .text.HAL_DMA_Abort_IT  stm32f4xx_hal_dma.o
    0x080017e0   0x080017e0   0x0000031e   Code   RO          445    .text.HAL_DMA_IRQHandler  stm32f4xx_hal_dma.o
    0x08001afe   0x08001afe   0x00000002   PAD
    0x08001b00   0x08001b00   0x0000016e   Code   RO          425    .text.HAL_DMA_Init  stm32f4xx_hal_dma.o
    0x08001c6e   0x08001c6e   0x00000002   PAD
    0x08001c70   0x08001c70   0x00000042   Code   RO          620    .text.HAL_Delay     stm32f4xx_hal.o
    0x08001cb2   0x08001cb2   0x00000002   PAD
    0x08001cb4   0x08001cb4   0x000003b6   Code   RO          387    .text.HAL_GPIO_Init  stm32f4xx_hal_gpio.o
    0x0800206a   0x0800206a   0x00000002   PAD
    0x0800206c   0x0800206c   0x0000000c   Code   RO          612    .text.HAL_GetTick   stm32f4xx_hal.o
    0x08002078   0x08002078   0x0000001a   Code   RO          610    .text.HAL_IncTick   stm32f4xx_hal.o
    0x08002092   0x08002092   0x00000002   PAD
    0x08002094   0x08002094   0x00000036   Code   RO          600    .text.HAL_Init      stm32f4xx_hal.o
    0x080020ca   0x080020ca   0x00000002   PAD
    0x080020cc   0x080020cc   0x00000070   Code   RO          602    .text.HAL_InitTick  stm32f4xx_hal.o
    0x0800213c   0x0800213c   0x0000004a   Code   RO          164    .text.HAL_MspInit   stm32f4xx_hal_msp.o
    0x08002186   0x08002186   0x00000002   PAD
    0x08002188   0x08002188   0x00000014   Code   RO          535    .text.HAL_NVIC_EnableIRQ  stm32f4xx_hal_cortex.o
    0x0800219c   0x0800219c   0x00000032   Code   RO          527    .text.HAL_NVIC_SetPriority  stm32f4xx_hal_cortex.o
    0x080021ce   0x080021ce   0x00000002   PAD
    0x080021d0   0x080021d0   0x00000010   Code   RO          523    .text.HAL_NVIC_SetPriorityGrouping  stm32f4xx_hal_cortex.o
    0x080021e0   0x080021e0   0x00000262   Code   RO          255    .text.HAL_RCC_ClockConfig  stm32f4xx_hal_rcc.o
    0x08002442   0x08002442   0x00000002   PAD
    0x08002444   0x08002444   0x0000000c   Code   RO          265    .text.HAL_RCC_GetHCLKFreq  stm32f4xx_hal_rcc.o
    0x08002450   0x08002450   0x00000022   Code   RO          267    .text.HAL_RCC_GetPCLK1Freq  stm32f4xx_hal_rcc.o
    0x08002472   0x08002472   0x00000002   PAD
    0x08002474   0x08002474   0x00000022   Code   RO          269    .text.HAL_RCC_GetPCLK2Freq  stm32f4xx_hal_rcc.o
    0x08002496   0x08002496   0x00000002   PAD
    0x08002498   0x08002498   0x000000e6   Code   RO          257    .text.HAL_RCC_GetSysClockFreq  stm32f4xx_hal_rcc.o
    0x0800257e   0x0800257e   0x00000002   PAD
    0x08002580   0x08002580   0x000006be   Code   RO          253    .text.HAL_RCC_OscConfig  stm32f4xx_hal_rcc.o
    0x08002c3e   0x08002c3e   0x00000002   PAD
    0x08002c40   0x08002c40   0x00000010   Code   RO          547    .text.HAL_SYSTICK_Config  stm32f4xx_hal_cortex.o
    0x08002c50   0x08002c50   0x00000008   Code   RO         1012    .text.HAL_TIMEx_BreakCallback  stm32f4xx_hal_tim_ex.o
    0x08002c58   0x08002c58   0x00000008   Code   RO         1008    .text.HAL_TIMEx_CommutCallback  stm32f4xx_hal_tim_ex.o
    0x08002c60   0x08002c60   0x00000122   Code   RO         1002    .text.HAL_TIMEx_MasterConfigSynchronization  stm32f4xx_hal_tim_ex.o
    0x08002d82   0x08002d82   0x00000002   PAD
    0x08002d84   0x08002d84   0x0000009c   Code   RO          689    .text.HAL_TIM_Base_Init  stm32f4xx_hal_tim.o
    0x08002e20   0x08002e20   0x0000008a   Code   RO           69    .text.HAL_TIM_Base_MspInit  tim.o
    0x08002eaa   0x08002eaa   0x00000002   PAD
    0x08002eac   0x08002eac   0x00000184   Code   RO          881    .text.HAL_TIM_ConfigClockSource  stm32f4xx_hal_tim.o
    0x08003030   0x08003030   0x00000008   Code   RO          825    .text.HAL_TIM_IC_CaptureCallback  stm32f4xx_hal_tim.o
    0x08003038   0x08003038   0x0000021a   Code   RO          823    .text.HAL_TIM_IRQHandler  stm32f4xx_hal_tim.o
    0x08003252   0x08003252   0x00000002   PAD
    0x08003254   0x08003254   0x000000c6   Code   RO           61    .text.HAL_TIM_MspPostInit  tim.o
    0x0800331a   0x0800331a   0x00000002   PAD
    0x0800331c   0x0800331c   0x00000008   Code   RO          827    .text.HAL_TIM_OC_DelayElapsedCallback  stm32f4xx_hal_tim.o
    0x08003324   0x08003324   0x00000142   Code   RO          855    .text.HAL_TIM_PWM_ConfigChannel  stm32f4xx_hal_tim.o
    0x08003466   0x08003466   0x00000002   PAD
    0x08003468   0x08003468   0x0000009c   Code   RO          743    .text.HAL_TIM_PWM_Init  stm32f4xx_hal_tim.o
    0x08003504   0x08003504   0x0000003e   Code   RO           67    .text.HAL_TIM_PWM_MspInit  tim.o
    0x08003542   0x08003542   0x00000002   PAD
    0x08003544   0x08003544   0x00000008   Code   RO          829    .text.HAL_TIM_PWM_PulseFinishedCallback  stm32f4xx_hal_tim.o
    0x0800354c   0x0800354c   0x00000008   Code   RO          831    .text.HAL_TIM_PeriodElapsedCallback  stm32f4xx_hal_tim.o
    0x08003554   0x08003554   0x00000008   Code   RO          833    .text.HAL_TIM_TriggerCallback  stm32f4xx_hal_tim.o
    0x0800355c   0x0800355c   0x0000000c   Code   RO         1117    .text.HAL_UARTEx_RxEventCallback  stm32f4xx_hal_uart.o
    0x08003568   0x08003568   0x00000008   Code   RO         1115    .text.HAL_UART_ErrorCallback  stm32f4xx_hal_uart.o
    0x08003570   0x08003570   0x0000042c   Code   RO         1109    .text.HAL_UART_IRQHandler  stm32f4xx_hal_uart.o
    0x0800399c   0x0800399c   0x0000009e   Code   RO         1025    .text.HAL_UART_Init  stm32f4xx_hal_uart.o
    0x08003a3a   0x08003a3a   0x00000002   PAD
    0x08003a3c   0x08003a3c   0x00000412   Code   RO           91    .text.HAL_UART_MspInit  usart.o
    0x08003e4e   0x08003e4e   0x00000002   PAD
    0x08003e50   0x08003e50   0x00000008   Code   RO         1127    .text.HAL_UART_RxCpltCallback  stm32f4xx_hal_uart.o
    0x08003e58   0x08003e58   0x00000008   Code   RO         1123    .text.HAL_UART_TxCpltCallback  stm32f4xx_hal_uart.o
    0x08003e60   0x08003e60   0x00000004   Code   RO          113    .text.HardFault_Handler  stm32f4xx_it.o
    0x08003e64   0x08003e64   0x00000008   Code   RO         1170    .text.Init          callback.o
    0x08003e6c   0x08003e6c   0x0000004e   Code   RO           33    .text.MX_CAN1_Init  can.o
    0x08003eba   0x08003eba   0x00000002   PAD
    0x08003ebc   0x08003ebc   0x0000004e   Code   RO           35    .text.MX_CAN2_Init  can.o
    0x08003f0a   0x08003f0a   0x00000002   PAD
    0x08003f0c   0x08003f0c   0x000000ba   Code   RO           51    .text.MX_DMA_Init   dma.o
    0x08003fc6   0x08003fc6   0x00000002   PAD
    0x08003fc8   0x08003fc8   0x000000d2   Code   RO           25    .text.MX_GPIO_Init  gpio.o
    0x0800409a   0x0800409a   0x00000002   PAD
    0x0800409c   0x0800409c   0x0000009e   Code   RO           59    .text.MX_TIM4_Init  tim.o
    0x0800413a   0x0800413a   0x00000002   PAD
    0x0800413c   0x0800413c   0x0000010e   Code   RO           63    .text.MX_TIM5_Init  tim.o
    0x0800424a   0x0800424a   0x00000002   PAD
    0x0800424c   0x0800424c   0x0000005c   Code   RO           65    .text.MX_TIM7_Init  tim.o
    0x080042a8   0x080042a8   0x00000040   Code   RO           85    .text.MX_USART1_UART_Init  usart.o
    0x080042e8   0x080042e8   0x0000004c   Code   RO           87    .text.MX_USART3_UART_Init  usart.o
    0x08004334   0x08004334   0x00000040   Code   RO           89    .text.MX_USART6_UART_Init  usart.o
    0x08004374   0x08004374   0x00000004   Code   RO          115    .text.MemManage_Handler  stm32f4xx_it.o
    0x08004378   0x08004378   0x00000004   Code   RO          111    .text.NMI_Handler   stm32f4xx_it.o
    0x0800437c   0x0800437c   0x0000006c   Code   RO          533    .text.NVIC_EncodePriority  stm32f4xx_hal_cortex.o
    0x080043e8   0x080043e8   0x00000002   Code   RO          125    .text.PendSV_Handler  stm32f4xx_it.o
    0x080043ea   0x080043ea   0x00000002   PAD
    0x080043ec   0x080043ec   0x00000002   Code   RO          121    .text.SVC_Handler   stm32f4xx_it.o
    0x080043ee   0x080043ee   0x00000002   PAD
    0x080043f0   0x080043f0   0x00000052   Code   RO          549    .text.SysTick_Config  stm32f4xx_hal_cortex.o
    0x08004442   0x08004442   0x00000002   PAD
    0x08004444   0x08004444   0x00000008   Code   RO          127    .text.SysTick_Handler  stm32f4xx_it.o
    0x0800444c   0x0800444c   0x000000bc   Code   RO           13    .text.SystemClock_Config  main.o
    0x08004508   0x08004508   0x00000012   Code   RO         1156    .text.SystemInit    system_stm32f4xx.o
    0x0800451a   0x0800451a   0x00000002   PAD
    0x0800451c   0x0800451c   0x00000010   Code   RO          141    .text.TIM7_IRQHandler  stm32f4xx_it.o
    0x0800452c   0x0800452c   0x000001b0   Code   RO          693    .text.TIM_Base_SetConfig  stm32f4xx_hal_tim.o
    0x080046dc   0x080046dc   0x00000034   Code   RO          879    .text.TIM_ETR_SetConfig  stm32f4xx_hal_tim.o
    0x08004710   0x08004710   0x0000002a   Code   RO          885    .text.TIM_ITRx_SetConfig  stm32f4xx_hal_tim.o
    0x0800473a   0x0800473a   0x00000002   PAD
    0x0800473c   0x0800473c   0x000000ea   Code   RO          837    .text.TIM_OC1_SetConfig  stm32f4xx_hal_tim.o
    0x08004826   0x08004826   0x00000002   PAD
    0x08004828   0x08004828   0x000000f4   Code   RO          839    .text.TIM_OC2_SetConfig  stm32f4xx_hal_tim.o
    0x0800491c   0x0800491c   0x000000f2   Code   RO          841    .text.TIM_OC3_SetConfig  stm32f4xx_hal_tim.o
    0x08004a0e   0x08004a0e   0x00000002   PAD
    0x08004a10   0x08004a10   0x000000a4   Code   RO          843    .text.TIM_OC4_SetConfig  stm32f4xx_hal_tim.o
    0x08004ab4   0x08004ab4   0x00000050   Code   RO          883    .text.TIM_TI1_ConfigInputStage  stm32f4xx_hal_tim.o
    0x08004b04   0x08004b04   0x00000052   Code   RO          887    .text.TIM_TI2_ConfigInputStage  stm32f4xx_hal_tim.o
    0x08004b56   0x08004b56   0x00000002   PAD
    0x08004b58   0x08004b58   0x00000020   Code   RO         1113    .text.UART_DMAAbortOnError  stm32f4xx_hal_uart.o
    0x08004b78   0x08004b78   0x00000094   Code   RO         1073    .text.UART_EndRxTransfer  stm32f4xx_hal_uart.o
    0x08004c0c   0x08004c0c   0x00000026   Code   RO         1121    .text.UART_EndTransmit_IT  stm32f4xx_hal_uart.o
    0x08004c32   0x08004c32   0x00000002   PAD
    0x08004c34   0x08004c34   0x0000016a   Code   RO         1111    .text.UART_Receive_IT  stm32f4xx_hal_uart.o
    0x08004d9e   0x08004d9e   0x00000002   PAD
    0x08004da0   0x08004da0   0x0000013a   Code   RO         1029    .text.UART_SetConfig  stm32f4xx_hal_uart.o
    0x08004eda   0x08004eda   0x00000002   PAD
    0x08004edc   0x08004edc   0x00000094   Code   RO         1119    .text.UART_Transmit_IT  stm32f4xx_hal_uart.o
    0x08004f70   0x08004f70   0x00000010   Code   RO          137    .text.USART1_IRQHandler  stm32f4xx_it.o
    0x08004f80   0x08004f80   0x00000010   Code   RO          139    .text.USART3_IRQHandler  stm32f4xx_it.o
    0x08004f90   0x08004f90   0x00000010   Code   RO          155    .text.USART6_IRQHandler  stm32f4xx_it.o
    0x08004fa0   0x08004fa0   0x00000004   Code   RO          119    .text.UsageFault_Handler  stm32f4xx_it.o
    0x08004fa4   0x08004fa4   0x00000016   Code   RO         1263    .text._ZN13RM_StaticTime10UpLastTimeEv  callback.o
    0x08004fba   0x08004fba   0x00000006   PAD
    0x08004fc0   0x08004fc0   0x000001d8   Code   RO         1247    .text._ZN3BSP5Motor2BM10ParametersC2Eddddd  callback.o
    0x08005198   0x08005198   0x00000022   Code   RO         1229    .text._ZN3BSP5Motor2BM11BMMotorBaseILh1EE2OnEP17CAN_HandleTypeDef  callback.o
    0x080051ba   0x080051ba   0x00000002   PAD
    0x080051bc   0x080051bc   0x00000022   Code   RO         1231    .text._ZN3BSP5Motor2BM11BMMotorBaseILh1EE3OFFEP17CAN_HandleTypeDef  callback.o
    0x080051de   0x080051de   0x00000002   PAD
    0x080051e0   0x080051e0   0x000000ee   Code   RO         1243    .text._ZN3BSP5Motor2BM11BMMotorBaseILh1EE5ParseE19CAN_RxHeaderTypeDefPKh  callback.o
    0x080052ce   0x080052ce   0x00000002   PAD
    0x080052d0   0x080052d0   0x000000a0   Code   RO         1235    .text._ZN3BSP5Motor2BM11BMMotorBaseILh1EE6setCANEfi  callback.o
    0x08005370   0x08005370   0x0000001c   Code   RO         1237    .text._ZN3BSP5Motor2BM11BMMotorBaseILh1EE7sendCANEP17CAN_HandleTypeDefj  callback.o
    0x0800538c   0x0800538c   0x00000004   PAD
    0x08005390   0x08005390   0x000003c8   Code   RO         1281    .text._ZN3BSP5Motor2BM11BMMotorBaseILh1EE9ConfigureEj  callback.o
    0x08005758   0x08005758   0x0000007c   Code   RO         1249    .text._ZN3BSP5Motor2BM11BMMotorBaseILh1EEC2EtRA1_KhjNS1_10ParametersE  callback.o
    0x080057d4   0x080057d4   0x00000004   PAD
    0x080057d8   0x080057d8   0x000000b0   Code   RO         1197    .text._ZN3BSP5Motor2BM7PB1010BILh1EEC2EtRA1_Khj  callback.o
    0x08005888   0x08005888   0x0000005a   Code   RO         1269    .text._ZN3BSP5Motor2DM10ParametersC2Effffffffff  callback.o
    0x080058e2   0x080058e2   0x00000002   PAD
    0x080058e4   0x080058e4   0x00000054   Code   RO         1279    .text._ZN3BSP5Motor2DM11DMMotorBaseILh1EE13uint_to_floatEiffi  callback.o
    0x08005938   0x08005938   0x00000122   Code   RO         1241    .text._ZN3BSP5Motor2DM11DMMotorBaseILh1EE5ParseE19CAN_RxHeaderTypeDefPKh  callback.o
    0x08005a5a   0x08005a5a   0x00000006   PAD
    0x08005a60   0x08005a60   0x00000300   Code   RO         1277    .text._ZN3BSP5Motor2DM11DMMotorBaseILh1EE9ConfigureEj  callback.o
    0x08005d60   0x08005d60   0x00000100   Code   RO         1271    .text._ZN3BSP5Motor2DM11DMMotorBaseILh1EEC2EtRA1_KhRA1_KjNS1_10ParametersE  callback.o
    0x08005e60   0x08005e60   0x000000c8   Code   RO         1225    .text._ZN3BSP5Motor2DM5J4310ILh1EEC2EtRA1_KhRA1_Kj  callback.o
    0x08005f28   0x08005f28   0x000001c8   Code   RO         1253    .text._ZN3BSP5Motor3Dji10ParametersC2Eddddd  callback.o
    0x080060f0   0x080060f0   0x000000de   Code   RO         1257    .text._ZN3BSP5Motor3Dji12DjiMotorBaseILh1EE5ParseE19CAN_RxHeaderTypeDefPKh  callback.o
    0x080061ce   0x080061ce   0x00000002   PAD
    0x080061d0   0x080061d0   0x000003d8   Code   RO         1261    .text._ZN3BSP5Motor3Dji12DjiMotorBaseILh1EE9ConfigureEj  callback.o
    0x080065a8   0x080065a8   0x0000007c   Code   RO         1255    .text._ZN3BSP5Motor3Dji12DjiMotorBaseILh1EEC2EtRA1_KhjNS1_10ParametersE  callback.o
    0x08006624   0x08006624   0x000000de   Code   RO         1239    .text._ZN3BSP5Motor3Dji12DjiMotorBaseILh2EE5ParseE19CAN_RxHeaderTypeDefPKh  callback.o
    0x08006702   0x08006702   0x00000006   PAD
    0x08006708   0x08006708   0x000003d8   Code   RO         1275    .text._ZN3BSP5Motor3Dji12DjiMotorBaseILh2EE9ConfigureEj  callback.o
    0x08006ae0   0x08006ae0   0x0000007e   Code   RO         1265    .text._ZN3BSP5Motor3Dji12DjiMotorBaseILh2EEC2EtRA2_KhjNS1_10ParametersE  callback.o
    0x08006b5e   0x08006b5e   0x00000002   PAD
    0x08006b60   0x08006b60   0x000000b0   Code   RO         1204    .text._ZN3BSP5Motor3Dji6GM2006ILh1EEC2EtRA1_Khj  callback.o
    0x08006c10   0x08006c10   0x000000b0   Code   RO         1211    .text._ZN3BSP5Motor3Dji6GM3508ILh2EEC2EtRA2_Khj  callback.o
    0x08006cc0   0x08006cc0   0x000000b0   Code   RO         1218    .text._ZN3BSP5Motor3Dji6GM6020ILh1EEC2EtRA1_Khj  callback.o
    0x08006d70   0x08006d70   0x0000002c   Code   RO         1233    .text._ZN3BSP5Motor9MotorBaseILh1EE15getVelocityRadsEh  callback.o
    0x08006d9c   0x08006d9c   0x00000016   Code   RO         1251    .text._ZN3BSP5Motor9MotorBaseILh1EEC2Ev  callback.o
    0x08006db2   0x08006db2   0x00000002   PAD
    0x08006db4   0x08006db4   0x00000016   Code   RO         1267    .text._ZN3BSP5Motor9MotorBaseILh2EEC2Ev  callback.o
    0x08006dca   0x08006dca   0x00000002   PAD
    0x08006dcc   0x08006dcc   0x0000004a   Code   RO         1245    .text._ZN3CAN3BSP15CAN_Filter_InitEv  callback.o
    0x08006e16   0x08006e16   0x00000002   PAD
    0x08006e18   0x08006e18   0x0000000c   Code   RO         1259    .text._ZN3CAN3BSP6CAN_IDERK19CAN_RxHeaderTypeDef  callback.o
    0x08006e24   0x08006e24   0x0000003a   Code   RO         1227    .text._ZN3CAN3BSP8Can_InitEv  callback.o
    0x08006e5e   0x08006e5e   0x00000002   PAD
    0x08006e60   0x08006e60   0x0000003c   Code   RO         1273    .text._ZN3CAN3BSP8Can_SendEP17CAN_HandleTypeDefjPhj  callback.o
    0x08006e9c   0x08006e9c   0x00000030   Code   RO          537    .text.__NVIC_EnableIRQ  stm32f4xx_hal_cortex.o
    0x08006ecc   0x08006ecc   0x00000010   Code   RO          529    .text.__NVIC_GetPriorityGrouping  stm32f4xx_hal_cortex.o
    0x08006edc   0x08006edc   0x00000042   Code   RO          531    .text.__NVIC_SetPriority  stm32f4xx_hal_cortex.o
    0x08006f1e   0x08006f1e   0x00000002   PAD
    0x08006f20   0x08006f20   0x0000003c   Code   RO          525    .text.__NVIC_SetPriorityGrouping  stm32f4xx_hal_cortex.o
    0x08006f5c   0x08006f5c   0x00000028   Code   RO         1345    .text.__cxa_pure_virtual  libcppabi_w.l(cxa_virtual.cpp.o)
    0x08006f84   0x08006f84   0x00000054   Code   RO         1192    .text.__cxx_global_var_init  callback.o
    0x08006fd8   0x08006fd8   0x00000056   Code   RO         1199    .text.__cxx_global_var_init.1  callback.o
    0x0800702e   0x0800702e   0x00000002   PAD
    0x08007030   0x08007030   0x0000005c   Code   RO         1206    .text.__cxx_global_var_init.2  callback.o
    0x0800708c   0x0800708c   0x00000058   Code   RO         1213    .text.__cxx_global_var_init.3  callback.o
    0x080070e4   0x080070e4   0x00000058   Code   RO         1220    .text.__cxx_global_var_init.4  callback.o
    0x0800713c   0x0800713c   0x00000004   Code   RO         1422    .text.abort_message  libcppabi_w.l(abort_message.cpp.o)
    0x08007140   0x08007140   0x00000198   Code   RO         1172    .text.in_while      callback.o
    0x080072d8   0x080072d8   0x00000044   Code   RO           11    .text.main          main.o
    0x0800731c   0x0800731c   0x00000060   Code   RO         1337    .text.unlikely.__cxa_guard_acquire  libcppabi_w.l(cxa_guard.cpp.o)
    0x0800737c   0x0800737c   0x00000008   Code   RO         1339    .text.unlikely.__cxa_guard_release  libcppabi_w.l(cxa_guard.cpp.o)
    0x08007384   0x08007384   0x00000062   Code   RO         1312    x$fpl$d2f           fz_wm.l(d2f.o)
    0x080073e6   0x080073e6   0x00000002   PAD
    0x080073e8   0x080073e8   0x00000150   Code   RO         1314    x$fpl$dadd          fz_wm.l(daddsub_clz.o)
    0x08007538   0x08007538   0x00000018   Code   RO         1446    x$fpl$dcmpinf       fz_wm.l(dcmpi.o)
    0x08007550   0x08007550   0x000002b4   Code   RO         1323    x$fpl$ddiv          fz_wm.l(ddiv.o)
    0x08007804   0x08007804   0x00000078   Code   RO         1406    x$fpl$deqf          fz_wm.l(deqf.o)
    0x0800787c   0x0800787c   0x0000002e   Code   RO         1327    x$fpl$dflt          fz_wm.l(dflt_clz.o)
    0x080078aa   0x080078aa   0x00000026   Code   RO         1326    x$fpl$dfltu         fz_wm.l(dflt_clz.o)
    0x080078d0   0x080078d0   0x00000078   Code   RO         1408    x$fpl$dgeqf         fz_wm.l(dgeqf.o)
    0x08007948   0x08007948   0x00000078   Code   RO         1410    x$fpl$dleqf         fz_wm.l(dleqf.o)
    0x080079c0   0x080079c0   0x00000154   Code   RO         1332    x$fpl$dmul          fz_wm.l(dmul.o)
    0x08007b14   0x08007b14   0x0000009c   Code   RO         1412    x$fpl$dnaninf       fz_wm.l(dnaninf.o)
    0x08007bb0   0x08007bb0   0x0000000c   Code   RO         1414    x$fpl$dretinf       fz_wm.l(dretinf.o)
    0x08007bbc   0x08007bbc   0x000001dc   Code   RO         1316    x$fpl$dsub          fz_wm.l(daddsub_clz.o)
    0x08007d98   0x08007d98   0x00000056   Code   RO         1334    x$fpl$f2d           fz_wm.l(f2d.o)
    0x08007dee   0x08007dee   0x00000054   Code   RO         1320    x$fpl$fcmp          fz_wm.l(dcmp.o)
    0x08007e42   0x08007e42   0x0000008c   Code   RO         1416    x$fpl$fnaninf       fz_wm.l(fnaninf.o)
    0x08007ece   0x08007ece   0x0000001a   Code   RO         1448    x$fpl$fpinit        fz_wm.l(fpinit.o)
    0x08007ee8   0x08007ee8   0x0000000a   Code   RO         1418    x$fpl$fretinf       fz_wm.l(fretinf.o)
    0x08007ef2   0x08007ef2   0x00000000   Code   RO         1420    x$fpl$usenofp       fz_wm.l(usenofp.o)
    0x08007ef2   0x08007ef2   0x00000010   Data   RO         1161    .rodata.AHBPrescTable  system_stm32f4xx.o
    0x08007f02   0x08007f02   0x00000008   Data   RO         1162    .rodata.APBPrescTable  system_stm32f4xx.o
    0x08007f0a   0x08007f0a   0x00000008   Data   RO          455    .rodata.DMA_CalcBaseAndBitshift.flagBitshiftOffset  stm32f4xx_hal_dma.o
    0x08007f12   0x08007f12   0x00000002   PAD
    0x08007f14   0x08007f14   0x0000000c   Data   RO         1284    .rodata._ZTVN3BSP5Motor2BM11BMMotorBaseILh1EEE  callback.o
    0x08007f20   0x08007f20   0x0000000c   Data   RO         1283    .rodata._ZTVN3BSP5Motor2BM7PB1010BILh1EEE  callback.o
    0x08007f2c   0x08007f2c   0x0000000c   Data   RO         1293    .rodata._ZTVN3BSP5Motor2DM11DMMotorBaseILh1EEE  callback.o
    0x08007f38   0x08007f38   0x0000000c   Data   RO         1292    .rodata._ZTVN3BSP5Motor2DM5J4310ILh1EEE  callback.o
    0x08007f44   0x08007f44   0x0000000c   Data   RO         1287    .rodata._ZTVN3BSP5Motor3Dji12DjiMotorBaseILh1EEE  callback.o
    0x08007f50   0x08007f50   0x0000000c   Data   RO         1289    .rodata._ZTVN3BSP5Motor3Dji12DjiMotorBaseILh2EEE  callback.o
    0x08007f5c   0x08007f5c   0x0000000c   Data   RO         1286    .rodata._ZTVN3BSP5Motor3Dji6GM2006ILh1EEE  callback.o
    0x08007f68   0x08007f68   0x0000000c   Data   RO         1288    .rodata._ZTVN3BSP5Motor3Dji6GM3508ILh2EEE  callback.o
    0x08007f74   0x08007f74   0x0000000c   Data   RO         1291    .rodata._ZTVN3BSP5Motor3Dji6GM6020ILh1EEE  callback.o
    0x08007f80   0x08007f80   0x0000000c   Data   RO         1285    .rodata._ZTVN3BSP5Motor9MotorBaseILh1EEE  callback.o
    0x08007f8c   0x08007f8c   0x0000000c   Data   RO         1290    .rodata._ZTVN3BSP5Motor9MotorBaseILh2EEE  callback.o
    0x08007f98   0x08007f98   0x00000020   Data   RO         1553    Region$$Table       anon$$obj.o
    0x08007fb8   0x08007fb8   0x00000004   Data   RO         1196    .init_array         callback.o
    0x08007fbc   0x08007fb8   0x00000004   Data   RO         1203    .init_array         callback.o
    0x08007fc0   0x08007fb8   0x00000004   Data   RO         1210    .init_array         callback.o
    0x08007fc4   0x08007fb8   0x00000004   Data   RO         1217    .init_array         callback.o
    0x08007fc8   0x08007fb8   0x00000004   Data   RO         1224    .init_array         callback.o
    0x08007fcc   0x08007fb8   0x00000000   Data   RO         1307    .init_array         c_w.l(init_aeabi.o)


    Execution Region RW_IRAM1 (Exec base: 0x20000000, Load base: 0x08007fd0, Size: 0x00000f60, Max: 0x0001c000, ABSOLUTE)

    Exec Addr    Load Addr    Size         Type   Attr      Idx    E Section Name        Object

    0x20000000   0x08007fd0   0x00000004   Data   RW         1160    .data.SystemCoreClock  system_stm32f4xx.o
    0x20000004   0x08007fd4   0x00000001   Data   RW          655    .data.uwTickFreq    stm32f4xx_hal.o
    0x20000005   0x08007fd5   0x00000003   PAD
    0x20000008   0x08007fd8   0x00000004   Data   RW          654    .data.uwTickPrio    stm32f4xx_hal.o
    0x2000000c   0x08007fdc   0x00000004   PAD
    0x20000010        -       0x00000060   Zero   RW         1481    .bss                c_w.l(libspace.o)
    0x20000070        -       0x00000004   Zero   RW           43    .bss.HAL_RCC_CAN1_CLK_ENABLED  can.o
    0x20000074        -       0x0000001c   Zero   RW         1184    .bss.RxHeader       callback.o
    0x20000090        -       0x00000008   Zero   RW         1185    .bss.RxHeaderData   callback.o
    0x20000098        -       0x00000004   Zero   RW         1195    .bss._ZGVN3BSP5Motor2BM11MotorP1010BE  callback.o
    0x2000009c        -       0x00000004   Zero   RW         1223    .bss._ZGVN3BSP5Motor2DM9Motor4310E  callback.o
    0x200000a0        -       0x00000004   Zero   RW         1202    .bss._ZGVN3BSP5Motor3Dji9Motor2006E  callback.o
    0x200000a4        -       0x00000004   Zero   RW         1209    .bss._ZGVN3BSP5Motor3Dji9Motor3508E  callback.o
    0x200000a8        -       0x00000004   Zero   RW         1216    .bss._ZGVN3BSP5Motor3Dji9Motor6020E  callback.o
    0x200000ac   0x08007fdc   0x00000004   PAD
    0x200000b0        -       0x000000d0   Zero   RW         1194    .bss._ZN3BSP5Motor2BM11MotorP1010BE  callback.o
    0x20000180        -       0x000000b0   Zero   RW         1222    .bss._ZN3BSP5Motor2DM9Motor4310E  callback.o
    0x20000230        -       0x000000d0   Zero   RW         1201    .bss._ZN3BSP5Motor3Dji9Motor2006E  callback.o
    0x20000300        -       0x00000130   Zero   RW         1208    .bss._ZN3BSP5Motor3Dji9Motor3508E  callback.o
    0x20000430        -       0x000000d0   Zero   RW         1215    .bss._ZN3BSP5Motor3Dji9Motor6020E  callback.o
    0x20000500        -       0x00000004   Zero   RW         1177    .bss.add_angle      callback.o
    0x20000504        -       0x00000028   Zero   RW           41    .bss.hcan1          can.o
    0x2000052c        -       0x00000028   Zero   RW           42    .bss.hcan2          can.o
    0x20000554        -       0x00000060   Zero   RW           99    .bss.hdma_usart1_rx  usart.o
    0x200005b4        -       0x00000060   Zero   RW           98    .bss.hdma_usart1_tx  usart.o
    0x20000614        -       0x00000060   Zero   RW          100    .bss.hdma_usart3_rx  usart.o
    0x20000674        -       0x00000060   Zero   RW          101    .bss.hdma_usart3_tx  usart.o
    0x200006d4        -       0x00000060   Zero   RW          103    .bss.hdma_usart6_rx  usart.o
    0x20000734        -       0x00000060   Zero   RW          102    .bss.hdma_usart6_tx  usart.o
    0x20000794        -       0x00000048   Zero   RW           75    .bss.htim4          tim.o
    0x200007dc        -       0x00000048   Zero   RW           76    .bss.htim5          tim.o
    0x20000824        -       0x00000048   Zero   RW           77    .bss.htim7          tim.o
    0x2000086c        -       0x00000048   Zero   RW           95    .bss.huart1         usart.o
    0x200008b4        -       0x00000048   Zero   RW           96    .bss.huart3         usart.o
    0x200008fc        -       0x00000048   Zero   RW           97    .bss.huart6         usart.o
    0x20000944        -       0x00000001   Zero   RW         1182    .bss.is_on          callback.o
    0x20000945   0x08007fdc   0x00000003   PAD
    0x20000948        -       0x00000004   Zero   RW         1179    .bss.kp             callback.o
    0x2000094c        -       0x00000004   Zero   RW         1181    .bss.pid_out        callback.o
    0x20000950        -       0x00000004   Zero   RW         1183    .bss.rad            callback.o
    0x20000954        -       0x00000004   Zero   RW          656    .bss.uwTick         stm32f4xx_hal.o
    0x20000958        -       0x00000004   Zero   RW         1176    .bss.vel            callback.o
    0x2000095c   0x08007fdc   0x00000004   PAD
    0x20000960        -       0x00000200   Zero   RW            2    HEAP                startup_stm32f407xx.o
    0x20000b60        -       0x00000400   Zero   RW            1    STACK               startup_stm32f407xx.o


    Execution Region RW_IRAM2 (Exec base: 0x2001c000, Load base: 0x08007fe0, Size: 0x00000000, Max: 0x00004000, ABSOLUTE)

    **** No section assigned to this execution region ****


==============================================================================

Image component sizes


      Code (inc. data)   RO Data    RW Data    ZI Data      Debug   Object Name

      9038        424        152          0       1181      41075   callback.o
       580          0          0          0         84       6418   can.o
       186          0          0          0          0       3314   dma.o
       210          0          0          0          0       1565   gpio.o
       262          0          0          0          0       2773   main.o
        64         26        392          0       1536        836   startup_stm32f407xx.o
       270          0          0          5          4       7092   stm32f4xx_hal.o
      3208          0          0          0          0      11484   stm32f4xx_hal_can.o
       482          0          0          0          0       9672   stm32f4xx_hal_cortex.o
      1794          8          8          0          0       8449   stm32f4xx_hal_dma.o
       950          0          0          0          0       5077   stm32f4xx_hal_gpio.o
        74          0          0          0          0       1459   stm32f4xx_hal_msp.o
      2646          0          0          0          0       7547   stm32f4xx_hal_rcc.o
      3172         14          0          0          0      35825   stm32f4xx_hal_tim.o
       306          0          0          0          0      15240   stm32f4xx_hal_tim_ex.o
      2304          0          0          0          0      20210   stm32f4xx_hal_uart.o
       258          0          0          0          0       2343   stm32f4xx_it.o
        18          0         24          4          0       2505   system_stm32f4xx.o
       918          0          0          0        216       8822   tim.o
      1246          0          0          0        792       7984   usart.o

    ----------------------------------------------------------------------
     28132        472        610         12       3828     199690   Object Totals
         0          0         32          0          0          0   (incl. Generated)
       146          0          2          3         15          0   (incl. Padding)

    ----------------------------------------------------------------------

      Code (inc. data)   RO Data    RW Data    ZI Data      Debug   Library Member Name

         8          0          0          0          0         68   __main.o
         0          0          0          0          0          0   __rtentry.o
        12          0          0          0          0          0   __rtentry2.o
         6          0          0          0          0          0   __rtentry4.o
        52          8          0          0          0          0   __scatter.o
        26          0          0          0          0          0   __scatter_copy.o
        28          0          0          0          0          0   __scatter_zi.o
        22          0          0          0          0         80   abort.o
        48         34          0          0          0         76   defsig_abrt_inner.o
        14          0          0          0          0         80   defsig_abrt_outer.o
        10          0          0          0          0         68   defsig_exit.o
        50          0          0          0          0         88   defsig_general.o
        18          0          0          0          0         80   exit.o
         6          0          0          0          0        152   heapauxi.o
         0          0          0          0          0          0   indicate_semi.o
        36          8          0          0          0         80   init_aeabi.o
         2          0          0          0          0          0   libinit.o
        10          0          0          0          0          0   libinit2.o
         2          0          0          0          0          0   libshutdown.o
         2          0          0          0          0          0   libshutdown2.o
         8          4          0          0         96         68   libspace.o
       240          0          0          0          0        100   lludivv7m.o
        78          0          0          0          0         80   rt_memclr_w.o
       100          0          0          0          0         80   rt_memcpy_w.o
         2          0          0          0          0          0   rtexit.o
        10          0          0          0          0          0   rtexit2.o
        12          4          0          0          0         68   sys_exit.o
        74          0          0          0          0         80   sys_stackheap_outer.o
        14          0          0          0          0         76   sys_wrch.o
         2          0          0          0          0         68   use_no_semi.o
        98          4          0          0          0        140   d2f.o
       812         16          0          0          0        392   daddsub_clz.o
        84          0          0          0          0        244   dcmp.o
        24          0          0          0          0        116   dcmpi.o
       692        140          0          0          0        264   ddiv.o
       120          4          0          0          0        140   deqf.o
        84          0          0          0          0        232   dflt_clz.o
       120          4          0          0          0        140   dgeqf.o
       120          4          0          0          0        140   dleqf.o
       340         12          0          0          0        152   dmul.o
       156          4          0          0          0        140   dnaninf.o
        12          0          0          0          0        116   dretinf.o
        86          4          0          0          0        132   f2d.o
       140          4          0          0          0        132   fnaninf.o
        26          0          0          0          0        116   fpinit.o
        10          0          0          0          0        116   fretinf.o
         0          0          0          0          0          0   usenofp.o
         4          0          0          0          0         36   abort_message.cpp.o
       104         56          0          0          0         76   cxa_guard.cpp.o
        40         32          0          0          0         52   cxa_virtual.cpp.o

    ----------------------------------------------------------------------
      3974        342          0          0         96       4268   Library Totals
        10          0          0          0          0          0   (incl. Padding)

    ----------------------------------------------------------------------

      Code (inc. data)   RO Data    RW Data    ZI Data      Debug   Library Name

       892         58          0          0         96       1392   c_w.l
      2924        196          0          0          0       2712   fz_wm.l
       148         88          0          0          0        164   libcppabi_w.l

    ----------------------------------------------------------------------
      3974        342          0          0         96       4268   Library Totals

    ----------------------------------------------------------------------

==============================================================================


      Code (inc. data)   RO Data    RW Data    ZI Data      Debug   

     32106        814        610         12       3924     201162   Grand Totals
     32106        814        610         12       3924     201162   ELF Image Totals
     32106        814        610         12          0          0   ROM Totals

==============================================================================

    Total RO  Size (Code + RO Data)                32716 (  31.95kB)
    Total RW  Size (RW Data + ZI Data)              3936 (   3.84kB)
    Total ROM Size (Code + RO Data + RW Data)      32728 (  31.96kB)

==============================================================================

